2024-03-04T00:54:00.316840+00:00 Abbys1 systemd[1]: Finished kmod-static-nodes.service - Create List of Static Device Nodes.
2024-03-04T00:54:00.317907+00:00 Abbys1 systemd[1]: Finished systemd-remount-fs.service - Remount Root and Kernel File Systems.
2024-03-04T00:54:00.317916+00:00 Abbys1 systemd[1]: Activating swap swap.img.swap - /swap.img...
2024-03-04T00:54:00.317918+00:00 Abbys1 systemd[1]: Starting cloud-init-local.service - Initial cloud-init job (pre-networking)...
2024-03-04T00:54:00.317919+00:00 Abbys1 systemd[1]: systemd-firstboot.service - First Boot Wizard was skipped because of an unmet condition check (ConditionFirstBoot=yes).
2024-03-04T00:54:00.317920+00:00 Abbys1 systemd[1]: Starting systemd-journal-flush.service - Flush Journal to Persistent Storage...
2024-03-04T00:54:00.317921+00:00 Abbys1 systemd[1]: systemd-pstore.service - Platform Persistent Storage Archival was skipped because of an unmet condition check (ConditionDirectoryNotEmpty=/sys/fs/pstore).
2024-03-04T00:54:00.317924+00:00 Abbys1 systemd[1]: Starting systemd-random-seed.service - Load/Save Random Seed...
2024-03-04T00:54:00.317925+00:00 Abbys1 systemd-modules-load[207]: Inserted module 'lp'
2024-03-04T00:54:00.317927+00:00 Abbys1 systemd[1]: Starting systemd-sysusers.service - Create System Users...
2024-03-04T00:54:00.317929+00:00 Abbys1 systemd[1]: Activated swap swap.img.swap - /swap.img.
2024-03-04T00:54:00.317930+00:00 Abbys1 systemd[1]: modprobe@drm.service: Deactivated successfully.
2024-03-04T00:54:00.317931+00:00 Abbys1 systemd[1]: Finished modprobe@drm.service - Load Kernel Module drm.
2024-03-04T00:54:00.317933+00:00 Abbys1 systemd[1]: Mounted sys-fs-fuse-connections.mount - FUSE Control File System.
2024-03-04T00:54:00.317934+00:00 Abbys1 systemd[1]: Mounted sys-kernel-config.mount - Kernel Configuration File System.
2024-03-04T00:54:00.317936+00:00 Abbys1 systemd[1]: Reached target swap.target - Swaps.
2024-03-04T00:54:00.317937+00:00 Abbys1 systemd[1]: Finished systemd-random-seed.service - Load/Save Random Seed.
2024-03-04T00:54:00.317938+00:00 Abbys1 systemd[1]: first-boot-complete.target - First Boot Complete was skipped because of an unmet condition check (ConditionFirstBoot=yes).
2024-03-04T00:54:00.317939+00:00 Abbys1 systemd-modules-load[207]: Inserted module 'ppdev'
2024-03-04T00:54:00.317941+00:00 Abbys1 systemd-modules-load[207]: Inserted module 'parport_pc'
2024-03-04T00:54:00.317082+00:00 Abbys1 kernel: [    0.000000] Linux version 6.2.0-39-generic (buildd@bos03-amd64-014) (x86_64-linux-gnu-gcc-12 (Ubuntu 12.3.0-1ubuntu1~23.04) 12.3.0, GNU ld (GNU Binutils for Ubuntu) 2.40) #40-Ubuntu SMP PREEMPT_DYNAMIC Tue Nov 14 14:18:00 UTC 2023 (Ubuntu 6.2.0-39.40-generic 6.2.16)
2024-03-04T00:54:00.317943+00:00 Abbys1 systemd-sysusers[229]: Creating group 'gamemode' with GID 994.
2024-03-04T00:54:00.317945+00:00 Abbys1 systemd-sysusers[229]: Creating group 'gnome-initial-setup' with GID 993.
2024-03-04T00:54:00.317946+00:00 Abbys1 systemd-modules-load[207]: Inserted module 'msr'
2024-03-04T00:54:00.317948+00:00 Abbys1 systemd[1]: Finished systemd-udev-trigger.service - Coldplug All udev Devices.
2024-03-04T00:54:00.317949+00:00 Abbys1 systemd[1]: Finished systemd-modules-load.service - Load Kernel Modules.
2024-03-04T00:54:00.317932+00:00 Abbys1 kernel: [    0.000000] Command line: BOOT_IMAGE=/boot/vmlinuz-6.2.0-39-generic root=UUID=93f8bc17-9ab9-46e3-beee-fa4a2a480f06 ro quiet splash
2024-03-04T00:54:00.317934+00:00 Abbys1 kernel: [    0.000000] KERNEL supported cpus:
2024-03-04T00:54:00.317934+00:00 Abbys1 kernel: [    0.000000]   Intel GenuineIntel
2024-03-04T00:54:00.317934+00:00 Abbys1 kernel: [    0.000000]   AMD AuthenticAMD
2024-03-04T00:54:00.317934+00:00 Abbys1 kernel: [    0.000000]   Hygon HygonGenuine
2024-03-04T00:54:00.317935+00:00 Abbys1 kernel: [    0.000000]   Centaur CentaurHauls
2024-03-04T00:54:00.317950+00:00 Abbys1 systemd[1]: Starting systemd-sysctl.service - Apply Kernel Variables...
2024-03-04T00:54:00.317936+00:00 Abbys1 kernel: [    0.000000]   zhaoxin   Shanghai  
2024-03-04T00:54:00.317936+00:00 Abbys1 kernel: [    0.000000] BIOS-provided physical RAM map:
2024-03-04T00:54:00.317936+00:00 Abbys1 kernel: [    0.000000] BIOS-e820: [mem 0x0000000000000000-0x000000000009fbff] usable
2024-03-04T00:54:00.317937+00:00 Abbys1 kernel: [    0.000000] BIOS-e820: [mem 0x000000000009fc00-0x000000000009ffff] reserved
2024-03-04T00:54:00.317953+00:00 Abbys1 systemd[1]: Finished systemd-journal-flush.service - Flush Journal to Persistent Storage.
2024-03-04T00:54:00.317937+00:00 Abbys1 kernel: [    0.000000] BIOS-e820: [mem 0x00000000000f0000-0x00000000000fffff] reserved
2024-03-04T00:54:00.317937+00:00 Abbys1 kernel: [    0.000000] BIOS-e820: [mem 0x0000000000100000-0x00000000dffeffff] usable
2024-03-04T00:54:00.317938+00:00 Abbys1 kernel: [    0.000000] BIOS-e820: [mem 0x00000000dfff0000-0x00000000dfffffff] ACPI data
2024-03-04T00:54:00.317939+00:00 Abbys1 kernel: [    0.000000] BIOS-e820: [mem 0x00000000fec00000-0x00000000fec00fff] reserved
2024-03-04T00:54:00.317939+00:00 Abbys1 kernel: [    0.000000] BIOS-e820: [mem 0x00000000fee00000-0x00000000fee00fff] reserved
2024-03-04T00:54:00.317954+00:00 Abbys1 systemd[1]: Finished systemd-sysusers.service - Create System Users.
2024-03-04T00:54:00.317939+00:00 Abbys1 kernel: [    0.000000] BIOS-e820: [mem 0x00000000fffc0000-0x00000000ffffffff] reserved
2024-03-04T00:54:00.317940+00:00 Abbys1 kernel: [    0.000000] BIOS-e820: [mem 0x0000000100000000-0x000000011fffffff] usable
2024-03-04T00:54:00.317940+00:00 Abbys1 kernel: [    0.000000] NX (Execute Disable) protection: active
2024-03-04T00:54:00.317940+00:00 Abbys1 kernel: [    0.000000] SMBIOS 2.5 present.
2024-03-04T00:54:00.317957+00:00 Abbys1 systemd[1]: Starting systemd-tmpfiles-setup-dev.service - Create Static Device Nodes in /dev...
2024-03-04T00:54:00.317941+00:00 Abbys1 kernel: [    0.000000] DMI: innotek GmbH VirtualBox/VirtualBox, BIOS VirtualBox 12/01/2006
2024-03-04T00:54:00.317941+00:00 Abbys1 kernel: [    0.000000] Hypervisor detected: KVM
2024-03-04T00:54:00.317942+00:00 Abbys1 kernel: [    0.000000] kvm-clock: Using msrs 4b564d01 and 4b564d00
2024-03-04T00:54:00.317942+00:00 Abbys1 kernel: [    0.000001] kvm-clock: using sched offset of 1064221201128 cycles
2024-03-04T00:54:00.317958+00:00 Abbys1 systemd[1]: Finished systemd-sysctl.service - Apply Kernel Variables.
2024-03-04T00:54:00.317942+00:00 Abbys1 kernel: [    0.000003] clocksource: kvm-clock: mask: 0xffffffffffffffff max_cycles: 0x1cd42e4dffb, max_idle_ns: 881590591483 ns
2024-03-04T00:54:00.317943+00:00 Abbys1 kernel: [    0.000006] tsc: Detected 2112.000 MHz processor
2024-03-04T00:54:00.317944+00:00 Abbys1 kernel: [    0.001348] e820: update [mem 0x00000000-0x00000fff] usable ==> reserved
2024-03-04T00:54:00.317944+00:00 Abbys1 kernel: [    0.001350] e820: remove [mem 0x000a0000-0x000fffff] usable
2024-03-04T00:54:00.317960+00:00 Abbys1 systemd[1]: Finished keyboard-setup.service - Set the console keyboard layout.
2024-03-04T00:54:00.317944+00:00 Abbys1 kernel: [    0.001354] last_pfn = 0x120000 max_arch_pfn = 0x400000000
2024-03-04T00:54:00.317945+00:00 Abbys1 kernel: [    0.001388] MTRRs disabled by BIOS
2024-03-04T00:54:00.317945+00:00 Abbys1 kernel: [    0.001389] x86/PAT: Configuration [0-7]: WB  WC  UC- UC  WB  WP  UC- WT  
2024-03-04T00:54:00.317945+00:00 Abbys1 kernel: [    0.001397] last_pfn = 0xdfff0 max_arch_pfn = 0x400000000
2024-03-04T00:54:00.317946+00:00 Abbys1 kernel: [    0.001438] found SMP MP-table at [mem 0x0009fff0-0x0009ffff]
2024-03-04T00:54:00.317946+00:00 Abbys1 kernel: [    0.001450] Incomplete global flushes, disabling PCID
2024-03-04T00:54:00.317946+00:00 Abbys1 kernel: [    0.001586] RAMDISK: [mem 0x2fd75000-0x33eb1fff]
2024-03-04T00:54:00.317962+00:00 Abbys1 systemd[1]: Finished systemd-tmpfiles-setup-dev.service - Create Static Device Nodes in /dev.
2024-03-04T00:54:00.317947+00:00 Abbys1 kernel: [    0.001591] ACPI: Early table checksum verification disabled
2024-03-04T00:54:00.317947+00:00 Abbys1 kernel: [    0.001594] ACPI: RSDP 0x00000000000E0000 000024 (v02 VBOX  )
2024-03-04T00:54:00.317947+00:00 Abbys1 kernel: [    0.001597] ACPI: XSDT 0x00000000DFFF0030 00003C (v01 VBOX   VBOXXSDT 00000001 ASL  00000061)
2024-03-04T00:54:00.317947+00:00 Abbys1 kernel: [    0.001602] ACPI: FACP 0x00000000DFFF00F0 0000F4 (v04 VBOX   VBOXFACP 00000001 ASL  00000061)
2024-03-04T00:54:00.317964+00:00 Abbys1 systemd[1]: Reached target local-fs-pre.target - Preparation for Local File Systems.
2024-03-04T00:54:00.317948+00:00 Abbys1 kernel: [    0.001606] ACPI: DSDT 0x00000000DFFF0610 002353 (v02 VBOX   VBOXBIOS 00000002 INTL 20100528)
2024-03-04T00:54:00.317949+00:00 Abbys1 kernel: [    0.001609] ACPI: FACS 0x00000000DFFF0200 000040
2024-03-04T00:54:00.317949+00:00 Abbys1 kernel: [    0.001611] ACPI: FACS 0x00000000DFFF0200 000040
2024-03-04T00:54:00.317965+00:00 Abbys1 systemd[1]: Starting systemd-udevd.service - Rule-based Manager for Device Events and Files...
2024-03-04T00:54:00.317949+00:00 Abbys1 kernel: [    0.001613] ACPI: APIC 0x00000000DFFF0240 00005C (v02 VBOX   VBOXAPIC 00000001 ASL  00000061)
2024-03-04T00:54:00.317949+00:00 Abbys1 kernel: [    0.001615] ACPI: SSDT 0x00000000DFFF02A0 00036C (v01 VBOX   VBOXCPUT 00000002 INTL 20100528)
2024-03-04T00:54:00.317950+00:00 Abbys1 kernel: [    0.001617] ACPI: Reserving FACP table memory at [mem 0xdfff00f0-0xdfff01e3]
2024-03-04T00:54:00.317967+00:00 Abbys1 systemd-udevd[239]: Using default interface naming scheme 'v252'.
2024-03-04T00:54:00.317951+00:00 Abbys1 kernel: [    0.001618] ACPI: Reserving DSDT table memory at [mem 0xdfff0610-0xdfff2962]
2024-03-04T00:54:00.317951+00:00 Abbys1 kernel: [    0.001619] ACPI: Reserving FACS table memory at [mem 0xdfff0200-0xdfff023f]
2024-03-04T00:54:00.317968+00:00 Abbys1 systemd[1]: Started systemd-udevd.service - Rule-based Manager for Device Events and Files.
2024-03-04T00:54:00.317951+00:00 Abbys1 kernel: [    0.001619] ACPI: Reserving FACS table memory at [mem 0xdfff0200-0xdfff023f]
2024-03-04T00:54:00.317952+00:00 Abbys1 kernel: [    0.001619] ACPI: Reserving APIC table memory at [mem 0xdfff0240-0xdfff029b]
2024-03-04T00:54:00.317953+00:00 Abbys1 kernel: [    0.001620] ACPI: Reserving SSDT table memory at [mem 0xdfff02a0-0xdfff060b]
2024-03-04T00:54:00.317953+00:00 Abbys1 kernel: [    0.002171] No NUMA configuration found
2024-03-04T00:54:00.317969+00:00 Abbys1 systemd[1]: Starting plymouth-start.service - Show Plymouth Boot Screen...
2024-03-04T00:54:00.317971+00:00 Abbys1 systemd[1]: Received SIGRTMIN+20 from PID 261 (plymouthd).
2024-03-04T00:54:00.317955+00:00 Abbys1 kernel: [    0.002172] Faking a node at [mem 0x0000000000000000-0x000000011fffffff]
2024-03-04T00:54:00.317956+00:00 Abbys1 kernel: [    0.002177] NODE_DATA(0) allocated [mem 0x11ffd1000-0x11fffbfff]
2024-03-04T00:54:00.317956+00:00 Abbys1 kernel: [    0.002508] Zone ranges:
2024-03-04T00:54:00.317972+00:00 Abbys1 systemd[1]: Started plymouth-start.service - Show Plymouth Boot Screen.
2024-03-04T00:54:00.317956+00:00 Abbys1 kernel: [    0.002509]   DMA      [mem 0x0000000000001000-0x0000000000ffffff]
2024-03-04T00:54:00.317957+00:00 Abbys1 kernel: [    0.002510]   DMA32    [mem 0x0000000001000000-0x00000000ffffffff]
2024-03-04T00:54:00.317957+00:00 Abbys1 kernel: [    0.002511]   Normal   [mem 0x0000000100000000-0x000000011fffffff]
2024-03-04T00:54:00.317957+00:00 Abbys1 kernel: [    0.002512]   Device   empty
2024-03-04T00:54:00.317974+00:00 Abbys1 systemd[1]: systemd-ask-password-console.path - Dispatch Password Requests to Console Directory Watch was skipped because of an unmet condition check (ConditionPathExists=!/run/plymouth/pid).
2024-03-04T00:54:00.317958+00:00 Abbys1 kernel: [    0.002512] Movable zone start for each node
2024-03-04T00:54:00.317958+00:00 Abbys1 kernel: [    0.002513] Early memory node ranges
2024-03-04T00:54:00.317959+00:00 Abbys1 kernel: [    0.002513]   node   0: [mem 0x0000000000001000-0x000000000009efff]
2024-03-04T00:54:00.317959+00:00 Abbys1 kernel: [    0.002515]   node   0: [mem 0x0000000000100000-0x00000000dffeffff]
2024-03-04T00:54:00.317975+00:00 Abbys1 systemd[1]: Started systemd-ask-password-plymouth.path - Forward Password Requests to Plymouth Directory Watch.
2024-03-04T00:54:00.317959+00:00 Abbys1 kernel: [    0.002515]   node   0: [mem 0x0000000100000000-0x000000011fffffff]
2024-03-04T00:54:00.317959+00:00 Abbys1 kernel: [    0.002516] Initmem setup node 0 [mem 0x0000000000001000-0x000000011fffffff]
2024-03-04T00:54:00.317977+00:00 Abbys1 systemd[1]: Reached target cryptsetup.target - Local Encrypted Volumes.
2024-03-04T00:54:00.317960+00:00 Abbys1 kernel: [    0.002520] On node 0, zone DMA: 1 pages in unavailable ranges
2024-03-04T00:54:00.318083+00:00 Abbys1 kernel: [    0.002542] On node 0, zone DMA: 97 pages in unavailable ranges
2024-03-04T00:54:00.318084+00:00 Abbys1 kernel: [    0.008011] On node 0, zone Normal: 16 pages in unavailable ranges
2024-03-04T00:54:00.318084+00:00 Abbys1 kernel: [    0.008939] ACPI: PM-Timer IO Port: 0x4008
2024-03-04T00:54:00.318085+00:00 Abbys1 kernel: [    0.009087] IOAPIC[0]: apic_id 2, version 32, address 0xfec00000, GSI 0-23
2024-03-04T00:54:00.318085+00:00 Abbys1 kernel: [    0.009090] ACPI: INT_SRC_OVR (bus 0 bus_irq 0 global_irq 2 dfl dfl)
2024-03-04T00:54:00.318085+00:00 Abbys1 kernel: [    0.009091] ACPI: INT_SRC_OVR (bus 0 bus_irq 9 global_irq 9 low level)
2024-03-04T00:54:00.318087+00:00 Abbys1 kernel: [    0.009095] ACPI: Using ACPI (MADT) for SMP configuration information
2024-03-04T00:54:00.318087+00:00 Abbys1 kernel: [    0.009112] smpboot: Allowing 2 CPUs, 0 hotplug CPUs
2024-03-04T00:54:00.318087+00:00 Abbys1 kernel: [    0.009192] PM: hibernation: Registered nosave memory: [mem 0x00000000-0x00000fff]
2024-03-04T00:54:00.318088+00:00 Abbys1 kernel: [    0.009193] PM: hibernation: Registered nosave memory: [mem 0x0009f000-0x0009ffff]
2024-03-04T00:54:00.318088+00:00 Abbys1 kernel: [    0.009194] PM: hibernation: Registered nosave memory: [mem 0x000a0000-0x000effff]
2024-03-04T00:54:00.318088+00:00 Abbys1 kernel: [    0.009194] PM: hibernation: Registered nosave memory: [mem 0x000f0000-0x000fffff]
2024-03-04T00:54:00.318089+00:00 Abbys1 kernel: [    0.009195] PM: hibernation: Registered nosave memory: [mem 0xdfff0000-0xdfffffff]
2024-03-04T00:54:00.318089+00:00 Abbys1 kernel: [    0.009195] PM: hibernation: Registered nosave memory: [mem 0xe0000000-0xfebfffff]
2024-03-04T00:54:00.318090+00:00 Abbys1 kernel: [    0.009196] PM: hibernation: Registered nosave memory: [mem 0xfec00000-0xfec00fff]
2024-03-04T00:54:00.318090+00:00 Abbys1 kernel: [    0.009196] PM: hibernation: Registered nosave memory: [mem 0xfec01000-0xfedfffff]
2024-03-04T00:54:00.318090+00:00 Abbys1 kernel: [    0.009197] PM: hibernation: Registered nosave memory: [mem 0xfee00000-0xfee00fff]
2024-03-04T00:54:00.318090+00:00 Abbys1 kernel: [    0.009197] PM: hibernation: Registered nosave memory: [mem 0xfee01000-0xfffbffff]
2024-03-04T00:54:00.318091+00:00 Abbys1 kernel: [    0.009197] PM: hibernation: Registered nosave memory: [mem 0xfffc0000-0xffffffff]
2024-03-04T00:54:00.318092+00:00 Abbys1 kernel: [    0.009198] [mem 0xe0000000-0xfebfffff] available for PCI devices
2024-03-04T00:54:00.318092+00:00 Abbys1 kernel: [    0.009199] Booting paravirtualized kernel on KVM
2024-03-04T00:54:00.318092+00:00 Abbys1 kernel: [    0.009201] clocksource: refined-jiffies: mask: 0xffffffff max_cycles: 0xffffffff, max_idle_ns: 7645519600211568 ns
2024-03-04T00:54:00.318092+00:00 Abbys1 kernel: [    0.009205] setup_percpu: NR_CPUS:8192 nr_cpumask_bits:2 nr_cpu_ids:2 nr_node_ids:1
2024-03-04T00:54:00.318092+00:00 Abbys1 kernel: [    0.009699] percpu: Embedded 62 pages/cpu s217088 r8192 d28672 u1048576
2024-03-04T00:54:00.318093+00:00 Abbys1 kernel: [    0.009702] pcpu-alloc: s217088 r8192 d28672 u1048576 alloc=1*2097152
2024-03-04T00:54:00.318094+00:00 Abbys1 kernel: [    0.009704] pcpu-alloc: [0] 0 1 
2024-03-04T00:54:00.318094+00:00 Abbys1 kernel: [    0.009761] kvm-guest: PV spinlocks enabled
2024-03-04T00:54:00.318094+00:00 Abbys1 kernel: [    0.009763] PV qspinlock hash table entries: 256 (order: 0, 4096 bytes, linear)
2024-03-04T00:54:00.318094+00:00 Abbys1 kernel: [    0.009769] Fallback order for Node 0: 0 
2024-03-04T00:54:00.318094+00:00 Abbys1 kernel: [    0.009770] Built 1 zonelists, mobility grouping on.  Total pages: 1031920
2024-03-04T00:54:00.318094+00:00 Abbys1 kernel: [    0.009771] Policy zone: Normal
2024-03-04T00:54:00.318096+00:00 Abbys1 kernel: [    0.009772] Kernel command line: BOOT_IMAGE=/boot/vmlinuz-6.2.0-39-generic root=UUID=93f8bc17-9ab9-46e3-beee-fa4a2a480f06 ro quiet splash
2024-03-04T00:54:00.318096+00:00 Abbys1 kernel: [    0.009808] Unknown kernel command line parameters "splash BOOT_IMAGE=/boot/vmlinuz-6.2.0-39-generic", will be passed to user space.
2024-03-04T00:54:00.318096+00:00 Abbys1 kernel: [    0.009828] random: crng init done
2024-03-04T00:54:00.318096+00:00 Abbys1 kernel: [    0.010137] Dentry cache hash table entries: 524288 (order: 10, 4194304 bytes, linear)
2024-03-04T00:54:00.318096+00:00 Abbys1 kernel: [    0.010340] Inode-cache hash table entries: 262144 (order: 9, 2097152 bytes, linear)
2024-03-04T00:54:00.318097+00:00 Abbys1 kernel: [    0.010378] mem auto-init: stack:all(zero), heap alloc:on, heap free:off
2024-03-04T00:54:00.318098+00:00 Abbys1 kernel: [    0.010382] software IO TLB: area num 2.
2024-03-04T00:54:00.318098+00:00 Abbys1 kernel: [    0.028218] Memory: 3925912K/4193848K available (20480K kernel code, 4157K rwdata, 13012K rodata, 4764K init, 17536K bss, 267676K reserved, 0K cma-reserved)
2024-03-04T00:54:00.318098+00:00 Abbys1 kernel: [    0.028288] SLUB: HWalign=64, Order=0-3, MinObjects=0, CPUs=2, Nodes=1
2024-03-04T00:54:00.318098+00:00 Abbys1 kernel: [    0.028317] ftrace: allocating 53254 entries in 209 pages
2024-03-04T00:54:00.318138+00:00 Abbys1 kernel: [    0.035592] ftrace: allocated 209 pages with 4 groups
2024-03-04T00:54:00.318138+00:00 Abbys1 kernel: [    0.036671] Dynamic Preempt: voluntary
2024-03-04T00:54:00.318139+00:00 Abbys1 kernel: [    0.036688] rcu: Preemptible hierarchical RCU implementation.
2024-03-04T00:54:00.318139+00:00 Abbys1 kernel: [    0.036689] rcu: 	RCU restricting CPUs from NR_CPUS=8192 to nr_cpu_ids=2.
2024-03-04T00:54:00.318140+00:00 Abbys1 kernel: [    0.036690] 	Trampoline variant of Tasks RCU enabled.
2024-03-04T00:54:00.318140+00:00 Abbys1 kernel: [    0.036690] 	Rude variant of Tasks RCU enabled.
2024-03-04T00:54:00.318140+00:00 Abbys1 kernel: [    0.036691] 	Tracing variant of Tasks RCU enabled.
2024-03-04T00:54:00.318140+00:00 Abbys1 kernel: [    0.036691] rcu: RCU calculated value of scheduler-enlistment delay is 25 jiffies.
2024-03-04T00:54:00.318141+00:00 Abbys1 kernel: [    0.036691] rcu: Adjusting geometry for rcu_fanout_leaf=16, nr_cpu_ids=2
2024-03-04T00:54:00.318141+00:00 Abbys1 kernel: [    0.038268] NR_IRQS: 524544, nr_irqs: 440, preallocated irqs: 16
2024-03-04T00:54:00.318142+00:00 Abbys1 kernel: [    0.038491] rcu: srcu_init: Setting srcu_struct sizes based on contention.
2024-03-04T00:54:00.318142+00:00 Abbys1 kernel: [    0.060532] Console: colour VGA+ 80x25
2024-03-04T00:54:00.318142+00:00 Abbys1 kernel: [    0.060534] printk: console [tty0] enabled
2024-03-04T00:54:00.318142+00:00 Abbys1 kernel: [    0.060556] ACPI: Core revision 20221020
2024-03-04T00:54:00.318142+00:00 Abbys1 kernel: [    0.061453] APIC: Switch to symmetric I/O mode setup
2024-03-04T00:54:00.318143+00:00 Abbys1 kernel: [    0.069721] ..TIMER: vector=0x30 apic1=0 pin1=2 apic2=-1 pin2=-1
2024-03-04T00:54:00.318143+00:00 Abbys1 kernel: [    0.069870] clocksource: tsc-early: mask: 0xffffffffffffffff max_cycles: 0x1e71785e5dd, max_idle_ns: 440795244814 ns
2024-03-04T00:54:00.318144+00:00 Abbys1 kernel: [    0.069877] Calibrating delay loop (skipped) preset value.. 4224.00 BogoMIPS (lpj=8448000)
2024-03-04T00:54:00.318144+00:00 Abbys1 kernel: [    0.073932] Last level iTLB entries: 4KB 0, 2MB 0, 4MB 0
2024-03-04T00:54:00.318144+00:00 Abbys1 kernel: [    0.073934] Last level dTLB entries: 4KB 0, 2MB 0, 4MB 0, 1GB 0
2024-03-04T00:54:00.318144+00:00 Abbys1 kernel: [    0.073936] Spectre V1 : Mitigation: usercopy/swapgs barriers and __user pointer sanitization
2024-03-04T00:54:00.318145+00:00 Abbys1 kernel: [    0.073938] Spectre V2 : Mitigation: Enhanced IBRS
2024-03-04T00:54:00.318145+00:00 Abbys1 kernel: [    0.073939] Spectre V2 : Spectre v2 / SpectreRSB mitigation: Filling RSB on context switch
2024-03-04T00:54:00.318146+00:00 Abbys1 kernel: [    0.073939] Spectre V2 : Spectre v2 / PBRSB-eIBRS: Retire a single CALL on VMEXIT
2024-03-04T00:54:00.318146+00:00 Abbys1 kernel: [    0.073940] RETBleed: Mitigation: Enhanced IBRS
2024-03-04T00:54:00.318146+00:00 Abbys1 kernel: [    0.073940] Speculative Store Bypass: Vulnerable
2024-03-04T00:54:00.318146+00:00 Abbys1 kernel: [    0.073943] x86/fpu: x87 FPU will use FXSAVE
2024-03-04T00:54:00.318148+00:00 Abbys1 kernel: [    0.090055] Freeing SMP alternatives memory: 44K
2024-03-04T00:54:00.318148+00:00 Abbys1 kernel: [    0.090059] pid_max: default: 32768 minimum: 301
2024-03-04T00:54:00.318148+00:00 Abbys1 kernel: [    0.090078] LSM: initializing lsm=lockdown,capability,landlock,yama,integrity,apparmor
2024-03-04T00:54:00.318148+00:00 Abbys1 kernel: [    0.090085] landlock: Up and running.
2024-03-04T00:54:00.318149+00:00 Abbys1 kernel: [    0.090085] Yama: becoming mindful.
2024-03-04T00:54:00.318149+00:00 Abbys1 kernel: [    0.090120] AppArmor: AppArmor initialized
2024-03-04T00:54:00.318149+00:00 Abbys1 kernel: [    0.090140] Mount-cache hash table entries: 8192 (order: 4, 65536 bytes, linear)
2024-03-04T00:54:00.318150+00:00 Abbys1 kernel: [    0.090146] Mountpoint-cache hash table entries: 8192 (order: 4, 65536 bytes, linear)
2024-03-04T00:54:00.318150+00:00 Abbys1 kernel: [    0.198036] smpboot: CPU0: 12th Gen Intel(R) Core(TM) i7-12700 (family: 0x6, model: 0x97, stepping: 0x2)
2024-03-04T00:54:00.318150+00:00 Abbys1 kernel: [    0.198193] cblist_init_generic: Setting adjustable number of callback queues.
2024-03-04T00:54:00.318151+00:00 Abbys1 kernel: [    0.198194] cblist_init_generic: Setting shift to 1 and lim to 1.
2024-03-04T00:54:00.318151+00:00 Abbys1 kernel: [    0.198215] cblist_init_generic: Setting adjustable number of callback queues.
2024-03-04T00:54:00.318151+00:00 Abbys1 kernel: [    0.198215] cblist_init_generic: Setting shift to 1 and lim to 1.
2024-03-04T00:54:00.318152+00:00 Abbys1 kernel: [    0.198227] cblist_init_generic: Setting adjustable number of callback queues.
2024-03-04T00:54:00.318152+00:00 Abbys1 kernel: [    0.198228] cblist_init_generic: Setting shift to 1 and lim to 1.
2024-03-04T00:54:00.318152+00:00 Abbys1 kernel: [    0.198244] Performance Events: unsupported p6 CPU model 151 no PMU driver, software events only.
2024-03-04T00:54:00.318152+00:00 Abbys1 kernel: [    0.198255] signal: max sigframe size: 1440
2024-03-04T00:54:00.318153+00:00 Abbys1 kernel: [    0.198279] rcu: Hierarchical SRCU implementation.
2024-03-04T00:54:00.318153+00:00 Abbys1 kernel: [    0.198280] rcu: 	Max phase no-delay instances is 1000.
2024-03-04T00:54:00.318154+00:00 Abbys1 kernel: [    0.198491] NMI watchdog: Perf NMI watchdog permanently disabled
2024-03-04T00:54:00.318154+00:00 Abbys1 kernel: [    0.198545] smp: Bringing up secondary CPUs ...
2024-03-04T00:54:00.318154+00:00 Abbys1 kernel: [    0.198708] x86: Booting SMP configuration:
2024-03-04T00:54:00.318155+00:00 Abbys1 kernel: [    0.198709] .... node  #0, CPUs:      #1
2024-03-04T00:54:00.318155+00:00 Abbys1 kernel: [    0.201873] TSC synchronization [CPU#0 -> CPU#1]:
2024-03-04T00:54:00.318155+00:00 Abbys1 kernel: [    0.201873] Measured 35224 cycles TSC warp between CPUs, turning off TSC clock.
2024-03-04T00:54:00.318155+00:00 Abbys1 kernel: [    0.201873] tsc: Marking TSC unstable due to check_tsc_sync_source failed
2024-03-04T00:54:00.318156+00:00 Abbys1 kernel: [    0.202099] smp: Brought up 1 node, 2 CPUs
2024-03-04T00:54:00.318156+00:00 Abbys1 kernel: [    0.202101] smpboot: Max logical packages: 1
2024-03-04T00:54:00.318156+00:00 Abbys1 kernel: [    0.202101] smpboot: Total of 2 processors activated (8448.00 BogoMIPS)
2024-03-04T00:54:00.318157+00:00 Abbys1 kernel: [    0.202387] devtmpfs: initialized
2024-03-04T00:54:00.318157+00:00 Abbys1 kernel: [    0.202387] x86/mm: Memory block size: 128MB
2024-03-04T00:54:00.318157+00:00 Abbys1 kernel: [    0.202387] clocksource: jiffies: mask: 0xffffffff max_cycles: 0xffffffff, max_idle_ns: 7645041785100000 ns
2024-03-04T00:54:00.318158+00:00 Abbys1 kernel: [    0.202387] futex hash table entries: 512 (order: 3, 32768 bytes, linear)
2024-03-04T00:54:00.318158+00:00 Abbys1 kernel: [    0.202387] pinctrl core: initialized pinctrl subsystem
2024-03-04T00:54:00.318158+00:00 Abbys1 kernel: [    0.202387] PM: RTC time: 00:53:52, date: 2024-03-04
2024-03-04T00:54:00.318158+00:00 Abbys1 kernel: [    0.202862] NET: Registered PF_NETLINK/PF_ROUTE protocol family
2024-03-04T00:54:00.318159+00:00 Abbys1 kernel: [    0.203589] DMA: preallocated 512 KiB GFP_KERNEL pool for atomic allocations
2024-03-04T00:54:00.318159+00:00 Abbys1 kernel: [    0.203627] DMA: preallocated 512 KiB GFP_KERNEL|GFP_DMA pool for atomic allocations
2024-03-04T00:54:00.318160+00:00 Abbys1 kernel: [    0.203665] DMA: preallocated 512 KiB GFP_KERNEL|GFP_DMA32 pool for atomic allocations
2024-03-04T00:54:00.318160+00:00 Abbys1 kernel: [    0.203671] audit: initializing netlink subsys (disabled)
2024-03-04T00:54:00.318160+00:00 Abbys1 kernel: [    0.203754] audit: type=2000 audit(1709514722.352:1): state=initialized audit_enabled=0 res=1
2024-03-04T00:54:00.318161+00:00 Abbys1 kernel: [    0.203754] thermal_sys: Registered thermal governor 'fair_share'
2024-03-04T00:54:00.318161+00:00 Abbys1 kernel: [    0.203754] thermal_sys: Registered thermal governor 'bang_bang'
2024-03-04T00:54:00.318161+00:00 Abbys1 kernel: [    0.203754] thermal_sys: Registered thermal governor 'step_wise'
2024-03-04T00:54:00.318161+00:00 Abbys1 kernel: [    0.203754] thermal_sys: Registered thermal governor 'user_space'
2024-03-04T00:54:00.318162+00:00 Abbys1 kernel: [    0.203754] thermal_sys: Registered thermal governor 'power_allocator'
2024-03-04T00:54:00.318162+00:00 Abbys1 kernel: [    0.203754] EISA bus registered
2024-03-04T00:54:00.318163+00:00 Abbys1 kernel: [    0.203754] cpuidle: using governor ladder
2024-03-04T00:54:00.318163+00:00 Abbys1 kernel: [    0.203754] cpuidle: using governor menu
2024-03-04T00:54:00.318163+00:00 Abbys1 kernel: [    0.203754] acpiphp: ACPI Hot Plug PCI Controller Driver version: 0.5
2024-03-04T00:54:00.318164+00:00 Abbys1 kernel: [    0.203754] PCI: Using configuration type 1 for base access
2024-03-04T00:54:00.318165+00:00 Abbys1 kernel: [    0.203754] kprobes: kprobe jump-optimization is enabled. All kprobes are optimized if possible.
2024-03-04T00:54:00.318165+00:00 Abbys1 kernel: [    0.226407] HugeTLB: registered 2.00 MiB page size, pre-allocated 0 pages
2024-03-04T00:54:00.318165+00:00 Abbys1 kernel: [    0.226407] HugeTLB: 28 KiB vmemmap can be freed for a 2.00 MiB page
2024-03-04T00:54:00.318165+00:00 Abbys1 kernel: [    0.226407] ACPI: Added _OSI(Module Device)
2024-03-04T00:54:00.318165+00:00 Abbys1 kernel: [    0.226407] ACPI: Added _OSI(Processor Device)
2024-03-04T00:54:00.318165+00:00 Abbys1 kernel: [    0.226407] ACPI: Added _OSI(3.0 _SCP Extensions)
2024-03-04T00:54:00.318166+00:00 Abbys1 kernel: [    0.226407] ACPI: Added _OSI(Processor Aggregator Device)
2024-03-04T00:54:00.318178+00:00 Abbys1 systemd-udevd[249]: event_source: Failed to get device name: No such file or directory
2024-03-04T00:54:00.318167+00:00 Abbys1 kernel: [    0.227452] ACPI: 2 ACPI AML tables successfully acquired and loaded
2024-03-04T00:54:00.318167+00:00 Abbys1 kernel: [    0.231030] ACPI: Interpreter enabled
2024-03-04T00:54:00.318167+00:00 Abbys1 kernel: [    0.231036] ACPI: PM: (supports S0 S5)
2024-03-04T00:54:00.318167+00:00 Abbys1 kernel: [    0.231037] ACPI: Using IOAPIC for interrupt routing
2024-03-04T00:54:00.318167+00:00 Abbys1 kernel: [    0.231271] PCI: Using host bridge windows from ACPI; if necessary, use "pci=nocrs" and report a bug
2024-03-04T00:54:00.318168+00:00 Abbys1 kernel: [    0.231272] PCI: Using E820 reservations for host bridge windows
2024-03-04T00:54:00.318184+00:00 Abbys1 mtp-probe: checking bus 1, device 2: "/sys/devices/pci0000:00/0000:00:06.0/usb1/1-1"
2024-03-04T00:54:00.318169+00:00 Abbys1 kernel: [    0.231338] ACPI: Enabled 2 GPEs in block 00 to 07
2024-03-04T00:54:00.318169+00:00 Abbys1 kernel: [    0.235359] ACPI: PCI Root Bridge [PCI0] (domain 0000 [bus 00-ff])
2024-03-04T00:54:00.318169+00:00 Abbys1 kernel: [    0.235363] acpi PNP0A03:00: _OSC: OS supports [ASPM ClockPM Segments MSI EDR HPX-Type3]
2024-03-04T00:54:00.318169+00:00 Abbys1 kernel: [    0.235365] acpi PNP0A03:00: _OSC: not requesting OS control; OS requires [ExtendedConfig ASPM ClockPM MSI]
2024-03-04T00:54:00.318169+00:00 Abbys1 kernel: [    0.235774] acpi PNP0A03:00: fail to add MMCONFIG information, can't access extended configuration space under this bridge
2024-03-04T00:54:00.318170+00:00 Abbys1 kernel: [    0.236083] PCI host bridge to bus 0000:00
2024-03-04T00:54:00.318186+00:00 Abbys1 mtp-probe: bus: 1, device: 2 was not an MTP device
2024-03-04T00:54:00.318187+00:00 Abbys1 systemd-udevd[256]: sda: Process '/usr/bin/unshare -m /usr/bin/snap auto-import --mount=/dev/sda' failed with exit code 1.
2024-03-04T00:54:00.318175+00:00 Abbys1 kernel: [    0.236084] pci_bus 0000:00: root bus resource [io  0x0000-0x0cf7 window]
2024-03-04T00:54:00.318175+00:00 Abbys1 kernel: [    0.236085] pci_bus 0000:00: root bus resource [io  0x0d00-0xffff window]
2024-03-04T00:54:00.318176+00:00 Abbys1 kernel: [    0.236086] pci_bus 0000:00: root bus resource [mem 0x000a0000-0x000bffff window]
2024-03-04T00:54:00.318176+00:00 Abbys1 kernel: [    0.236087] pci_bus 0000:00: root bus resource [mem 0xe0000000-0xfdffffff window]
2024-03-04T00:54:00.318176+00:00 Abbys1 kernel: [    0.236088] pci_bus 0000:00: root bus resource [bus 00-ff]
2024-03-04T00:54:00.318176+00:00 Abbys1 kernel: [    0.236267] pci 0000:00:00.0: [8086:1237] type 00 class 0x060000
2024-03-04T00:54:00.318184+00:00 Abbys1 kernel: [    0.236946] pci 0000:00:01.0: [8086:7000] type 00 class 0x060100
2024-03-04T00:54:00.318189+00:00 Abbys1 cloud-init[293]: Cloud-init v. 23.1.2-0ubuntu0~23.04.1 running 'init-local' at Mon, 04 Mar 2024 00:53:54 +0000. Up 2.47 seconds.
2024-03-04T00:54:00.318185+00:00 Abbys1 kernel: [    0.238070] pci 0000:00:01.1: [8086:7111] type 00 class 0x01018a
2024-03-04T00:54:00.318186+00:00 Abbys1 kernel: [    0.238605] pci 0000:00:01.1: reg 0x20: [io  0xd000-0xd00f]
2024-03-04T00:54:00.318186+00:00 Abbys1 kernel: [    0.238841] pci 0000:00:01.1: legacy IDE quirk: reg 0x10: [io  0x01f0-0x01f7]
2024-03-04T00:54:00.318186+00:00 Abbys1 kernel: [    0.238842] pci 0000:00:01.1: legacy IDE quirk: reg 0x14: [io  0x03f6]
2024-03-04T00:54:00.318187+00:00 Abbys1 kernel: [    0.238842] pci 0000:00:01.1: legacy IDE quirk: reg 0x18: [io  0x0170-0x0177]
2024-03-04T00:54:00.318187+00:00 Abbys1 kernel: [    0.238843] pci 0000:00:01.1: legacy IDE quirk: reg 0x1c: [io  0x0376]
2024-03-04T00:54:00.318216+00:00 Abbys1 kernel: [    0.239110] pci 0000:00:02.0: [15ad:0405] type 00 class 0x030000
2024-03-04T00:54:00.318217+00:00 Abbys1 kernel: [    0.239690] pci 0000:00:02.0: reg 0x10: [io  0xd010-0xd01f]
2024-03-04T00:54:00.318217+00:00 Abbys1 kernel: [    0.240119] pci 0000:00:02.0: reg 0x14: [mem 0xe0000000-0xe0ffffff pref]
2024-03-04T00:54:00.318313+00:00 Abbys1 kernel: [    0.240542] pci 0000:00:02.0: reg 0x18: [mem 0xf0000000-0xf01fffff]
2024-03-04T00:54:00.318314+00:00 Abbys1 kernel: [    0.242544] pci 0000:00:02.0: Video device with shadowed ROM at [mem 0x000c0000-0x000dffff]
2024-03-04T00:54:00.318314+00:00 Abbys1 kernel: [    0.242844] pci 0000:00:03.0: [8086:100e] type 00 class 0x020000
2024-03-04T00:54:00.318203+00:00 Abbys1 systemd[1]: Listening on systemd-rfkill.socket - Load/Save RF Kill Switch Status /dev/rfkill Watch.
2024-03-04T00:54:00.318777+00:00 Abbys1 systemd-udevd[248]: sda2: Process '/usr/bin/unshare -m /usr/bin/snap auto-import --mount=/dev/sda2' failed with exit code 1.
2024-03-04T00:54:00.318783+00:00 Abbys1 systemd-udevd[259]: sr0: Process '/usr/bin/unshare -m /usr/bin/snap auto-import --mount=/dev/sr0' failed with exit code 1.
2024-03-04T00:54:00.318785+00:00 Abbys1 systemd-udevd[256]: sda1: Process '/usr/bin/unshare -m /usr/bin/snap auto-import --mount=/dev/sda1' failed with exit code 1.
2024-03-04T00:54:00.318786+00:00 Abbys1 systemd[1]: Finished cloud-init-local.service - Initial cloud-init job (pre-networking).
2024-03-04T00:54:00.318788+00:00 Abbys1 systemd[1]: Starting cloud-init.service - Initial cloud-init job (metadata service crawler)...
2024-03-04T00:54:00.318789+00:00 Abbys1 systemd[1]: Mounting snap-bare-5.mount - Mount unit for bare, revision 5...
2024-03-04T00:54:00.318792+00:00 Abbys1 systemd[1]: Mounting snap-core22-607.mount - Mount unit for core22, revision 607...
2024-03-04T00:54:00.318793+00:00 Abbys1 systemd[1]: Mounting snap-firefox-2517.mount - Mount unit for firefox, revision 2517...
2024-03-04T00:54:00.318794+00:00 Abbys1 systemd[1]: Mounting snap-gnome\x2d42\x2d2204-87.mount - Mount unit for gnome-42-2204, revision 87...
2024-03-04T00:54:00.318795+00:00 Abbys1 systemd[1]: Mounting snap-gtk\x2dcommon\x2dthemes-1535.mount - Mount unit for gtk-common-themes, revision 1535...
2024-03-04T00:54:00.318797+00:00 Abbys1 systemd[1]: Mounting snap-snap\x2dstore-959.mount - Mount unit for snap-store, revision 959...
2024-03-04T00:54:00.318799+00:00 Abbys1 systemd[1]: Mounting snap-snapd-18933.mount - Mount unit for snapd, revision 18933...
2024-03-04T00:54:00.318800+00:00 Abbys1 systemd[1]: Mounting snap-snapd\x2ddesktop\x2dintegration-83.mount - Mount unit for snapd-desktop-integration, revision 83...
2024-03-04T00:54:00.318801+00:00 Abbys1 systemd[1]: Mounted snap-core22-607.mount - Mount unit for core22, revision 607.
2024-03-04T00:54:00.318802+00:00 Abbys1 systemd[1]: Mounted snap-bare-5.mount - Mount unit for bare, revision 5.
2024-03-04T00:54:00.318804+00:00 Abbys1 systemd[1]: Mounted snap-firefox-2517.mount - Mount unit for firefox, revision 2517.
2024-03-04T00:54:00.318805+00:00 Abbys1 systemd[1]: Mounted snap-gnome\x2d42\x2d2204-87.mount - Mount unit for gnome-42-2204, revision 87.
2024-03-04T00:54:00.318807+00:00 Abbys1 systemd[1]: Mounted snap-gtk\x2dcommon\x2dthemes-1535.mount - Mount unit for gtk-common-themes, revision 1535.
2024-03-04T00:54:00.318808+00:00 Abbys1 cloud-init[393]: Cloud-init v. 23.1.2-0ubuntu0~23.04.1 running 'init' at Mon, 04 Mar 2024 00:53:54 +0000. Up 2.99 seconds.
2024-03-04T00:54:00.318810+00:00 Abbys1 systemd[1]: Mounted snap-snapd-18933.mount - Mount unit for snapd, revision 18933.
2024-03-04T00:54:00.318811+00:00 Abbys1 systemd[1]: Mounted snap-snap\x2dstore-959.mount - Mount unit for snap-store, revision 959.
2024-03-04T00:54:00.318812+00:00 Abbys1 systemd[1]: Mounted snap-snapd\x2ddesktop\x2dintegration-83.mount - Mount unit for snapd-desktop-integration, revision 83.
2024-03-04T00:54:00.318815+00:00 Abbys1 systemd[1]: Reached target snapd.mounts.target - Mounted snaps.
2024-03-04T00:54:00.318816+00:00 Abbys1 systemd[1]: Reached target local-fs.target - Local File Systems.
2024-03-04T00:54:00.318817+00:00 Abbys1 cloud-init[393]: ci-info: +++++++++++++++++++++++++++Net device info++++++++++++++++++++++++++++
2024-03-04T00:54:00.318819+00:00 Abbys1 cloud-init[393]: ci-info: +--------+-------+-----------+-----------+-------+-------------------+
2024-03-04T00:54:00.318820+00:00 Abbys1 cloud-init[393]: ci-info: | Device |   Up  |  Address  |    Mask   | Scope |     Hw-Address    |
2024-03-04T00:54:00.318821+00:00 Abbys1 cloud-init[393]: ci-info: +--------+-------+-----------+-----------+-------+-------------------+
2024-03-04T00:54:00.318824+00:00 Abbys1 cloud-init[393]: ci-info: | enp0s3 | False |     .     |     .     |   .   | 08:00:27:5b:e5:89 |
2024-03-04T00:54:00.318808+00:00 Abbys1 kernel: [    0.243057] pci 0000:00:03.0: reg 0x10: [mem 0xf0200000-0xf021ffff]
2024-03-04T00:54:00.318825+00:00 Abbys1 cloud-init[393]: ci-info: |   lo   |  True | 127.0.0.1 | 255.0.0.0 |  host |         .         |
2024-03-04T00:54:00.318810+00:00 Abbys1 kernel: [    0.243279] pci 0000:00:03.0: reg 0x18: [io  0xd020-0xd027]
2024-03-04T00:54:00.318810+00:00 Abbys1 kernel: [    0.244285] pci 0000:00:04.0: [80ee:cafe] type 00 class 0x088000
2024-03-04T00:54:00.318811+00:00 Abbys1 kernel: [    0.244697] pci 0000:00:04.0: reg 0x10: [io  0xd040-0xd05f]
2024-03-04T00:54:00.318811+00:00 Abbys1 kernel: [    0.244972] pci 0000:00:04.0: reg 0x14: [mem 0xf0400000-0xf07fffff]
2024-03-04T00:54:00.318827+00:00 Abbys1 cloud-init[393]: ci-info: |   lo   |  True |  ::1/128  |     .     |  host |         .         |
2024-03-04T00:54:00.318811+00:00 Abbys1 kernel: [    0.245214] pci 0000:00:04.0: reg 0x18: [mem 0xf0800000-0xf0803fff pref]
2024-03-04T00:54:00.318829+00:00 Abbys1 cloud-init[393]: ci-info: +--------+-------+-----------+-----------+-------+-------------------+
2024-03-04T00:54:00.318830+00:00 Abbys1 cloud-init[393]: ci-info: +++++++++++++++++++Route IPv6 info+++++++++++++++++++
2024-03-04T00:54:00.318832+00:00 Abbys1 cloud-init[393]: ci-info: +-------+-------------+---------+-----------+-------+
2024-03-04T00:54:00.318833+00:00 Abbys1 cloud-init[393]: ci-info: | Route | Destination | Gateway | Interface | Flags |
2024-03-04T00:54:00.318834+00:00 Abbys1 cloud-init[393]: ci-info: +-------+-------------+---------+-----------+-------+
2024-03-04T00:54:00.318835+00:00 Abbys1 cloud-init[393]: ci-info: +-------+-------------+---------+-----------+-------+
2024-03-04T00:54:00.318838+00:00 Abbys1 systemd[1]: Starting apparmor.service - Load AppArmor profiles...
2024-03-04T00:54:00.318879+00:00 Abbys1 kernel: [    0.246549] pci 0000:00:05.0: [8086:2415] type 00 class 0x040100
2024-03-04T00:54:00.318881+00:00 Abbys1 kernel: [    0.246733] pci 0000:00:05.0: reg 0x10: [io  0xd100-0xd1ff]
2024-03-04T00:54:00.318881+00:00 Abbys1 kernel: [    0.246841] pci 0000:00:05.0: reg 0x14: [io  0xd200-0xd23f]
2024-03-04T00:54:00.318882+00:00 Abbys1 kernel: [    0.247578] pci 0000:00:06.0: [106b:003f] type 00 class 0x0c0310
2024-03-04T00:54:00.318882+00:00 Abbys1 kernel: [    0.247801] pci 0000:00:06.0: reg 0x10: [mem 0xf0804000-0xf0804fff]
2024-03-04T00:54:00.318882+00:00 Abbys1 kernel: [    0.248823] pci 0000:00:07.0: [8086:7113] type 00 class 0x068000
2024-03-04T00:54:00.318883+00:00 Abbys1 kernel: [    0.249435] pci 0000:00:07.0: quirk: [io  0x4000-0x403f] claimed by PIIX4 ACPI
2024-03-04T00:54:00.318840+00:00 Abbys1 systemd[1]: Starting console-setup.service - Set console font and keymap...
2024-03-04T00:54:00.319116+00:00 Abbys1 systemd[1]: Starting plymouth-read-write.service - Tell Plymouth To Write Out Runtime Data...
2024-03-04T00:54:00.319120+00:00 Abbys1 systemd[1]: Starting systemd-binfmt.service - Set Up Additional Binary Formats...
2024-03-04T00:54:00.319122+00:00 Abbys1 systemd[1]: systemd-machine-id-commit.service - Commit a transient machine-id on disk was skipped because of an unmet condition check (ConditionPathIsMountPoint=/etc/machine-id).
2024-03-04T00:54:00.319123+00:00 Abbys1 systemd[1]: Starting systemd-tmpfiles-setup.service - Create Volatile Files and Directories...
2024-03-04T00:54:00.319125+00:00 Abbys1 systemd[1]: Starting ufw.service - Uncomplicated firewall...
2024-03-04T00:54:00.319128+00:00 Abbys1 systemd[1]: Finished console-setup.service - Set console font and keymap.
2024-03-04T00:54:00.319129+00:00 Abbys1 systemd[1]: proc-sys-fs-binfmt_misc.automount: Got automount request for /proc/sys/fs/binfmt_misc, triggered by 406 (systemd-binfmt)
2024-03-04T00:54:00.319130+00:00 Abbys1 systemd[1]: Finished ufw.service - Uncomplicated firewall.
2024-03-04T00:54:00.319131+00:00 Abbys1 systemd[1]: Reached target network-pre.target - Preparation for Network.
2024-03-04T00:54:00.319133+00:00 Abbys1 apparmor.systemd[401]: Restarting AppArmor
2024-03-04T00:54:00.319134+00:00 Abbys1 apparmor.systemd[401]: Reloading AppArmor profiles
2024-03-04T00:54:00.319137+00:00 Abbys1 systemd[1]: Finished systemd-tmpfiles-setup.service - Create Volatile Files and Directories.
2024-03-04T00:54:00.319138+00:00 Abbys1 systemd[1]: Starting systemd-oomd.service - Userspace Out-Of-Memory (OOM) Killer...
2024-03-04T00:54:00.319140+00:00 Abbys1 systemd[1]: Starting systemd-resolved.service - Network Name Resolution...
2024-03-04T00:54:00.319141+00:00 Abbys1 systemd[1]: Starting systemd-timesyncd.service - Network Time Synchronization...
2024-03-04T00:54:00.319142+00:00 Abbys1 systemd[1]: Starting systemd-update-utmp.service - Record System Boot/Shutdown in UTMP...
2024-03-04T00:54:00.319143+00:00 Abbys1 systemd[1]: Finished systemd-update-utmp.service - Record System Boot/Shutdown in UTMP.
2024-03-04T00:54:00.319145+00:00 Abbys1 systemd-udevd[250]: controlC0: Process '/usr/sbin/alsactl -E HOME=/run/alsa -E XDG_RUNTIME_DIR=/run/alsa/runtime restore 0' failed with exit code 99.
2024-03-04T00:54:00.319148+00:00 Abbys1 systemd[1]: Finished plymouth-read-write.service - Tell Plymouth To Write Out Runtime Data.
2024-03-04T00:54:00.319149+00:00 Abbys1 systemd[1]: Received SIGRTMIN+20 from PID 261 (plymouthd).
2024-03-04T00:54:00.319150+00:00 Abbys1 systemd[1]: systemd-ask-password-console.path - Dispatch Password Requests to Console Directory Watch was skipped because of an unmet condition check (ConditionPathExists=!/run/plymouth/pid).
2024-03-04T00:54:00.319151+00:00 Abbys1 systemd[1]: Starting modprobe@efi_pstore.service - Load Kernel Module efi_pstore...
2024-03-04T00:54:00.319155+00:00 Abbys1 systemd[1]: systemd-firstboot.service - First Boot Wizard was skipped because of an unmet condition check (ConditionFirstBoot=yes).
2024-03-04T00:54:00.319156+00:00 Abbys1 systemd[1]: first-boot-complete.target - First Boot Complete was skipped because of an unmet condition check (ConditionFirstBoot=yes).
2024-03-04T00:54:00.319157+00:00 Abbys1 systemd[1]: systemd-machine-id-commit.service - Commit a transient machine-id on disk was skipped because of an unmet condition check (ConditionPathIsMountPoint=/etc/machine-id).
2024-03-04T00:54:00.319158+00:00 Abbys1 systemd[1]: systemd-repart.service - Repartition Root Disk was skipped because no trigger condition checks were met.
2024-03-04T00:54:00.319159+00:00 Abbys1 systemd[1]: modprobe@efi_pstore.service: Deactivated successfully.
2024-03-04T00:54:00.319161+00:00 Abbys1 systemd[1]: Finished modprobe@efi_pstore.service - Load Kernel Module efi_pstore.
2024-03-04T00:54:00.319163+00:00 Abbys1 systemd[1]: systemd-pstore.service - Platform Persistent Storage Archival was skipped because of an unmet condition check (ConditionDirectoryNotEmpty=/sys/fs/pstore).
2024-03-04T00:54:00.319192+00:00 Abbys1 cloud-init[393]: Generating public/private rsa key pair.
2024-03-04T00:54:00.319195+00:00 Abbys1 cloud-init[393]: Your identification has been saved in /etc/ssh/ssh_host_rsa_key
2024-03-04T00:54:00.319196+00:00 Abbys1 cloud-init[393]: Your public key has been saved in /etc/ssh/ssh_host_rsa_key.pub
2024-03-04T00:54:00.319199+00:00 Abbys1 cloud-init[393]: The key fingerprint is:
2024-03-04T00:54:00.319200+00:00 Abbys1 cloud-init[393]: SHA256:wMI65H49w7I1OBgJ1yCP0MGSOYLKTEUf73ivRwvam4Q root@Abbys1
2024-03-04T00:54:00.319201+00:00 Abbys1 cloud-init[393]: The key's randomart image is:
2024-03-04T00:54:00.319202+00:00 Abbys1 cloud-init[393]: +---[RSA 3072]----+
2024-03-04T00:54:00.319204+00:00 Abbys1 cloud-init[393]: |+==+ .           |
2024-03-04T00:54:00.319206+00:00 Abbys1 cloud-init[393]: |O=o+..o          |
2024-03-04T00:54:00.319207+00:00 Abbys1 cloud-init[393]: |Oo+ +.o.         |
2024-03-04T00:54:00.319208+00:00 Abbys1 cloud-init[393]: |.B o .o.         |
2024-03-04T00:54:00.319209+00:00 Abbys1 cloud-init[393]: |  *  . oS        |
2024-03-04T00:54:00.319210+00:00 Abbys1 cloud-init[393]: | . + +o...       |
2024-03-04T00:54:00.319212+00:00 Abbys1 cloud-init[393]: |  o =EX.o..      |
2024-03-04T00:54:00.319214+00:00 Abbys1 cloud-init[393]: |   . *.=oo       |
2024-03-04T00:54:00.319215+00:00 Abbys1 cloud-init[393]: |    .  +o        |
2024-03-04T00:54:00.319216+00:00 Abbys1 cloud-init[393]: +----[SHA256]-----+
2024-03-04T00:54:00.319217+00:00 Abbys1 cloud-init[393]: Generating public/private dsa key pair.
2024-03-04T00:54:00.319219+00:00 Abbys1 cloud-init[393]: Your identification has been saved in /etc/ssh/ssh_host_dsa_key
2024-03-04T00:54:00.319220+00:00 Abbys1 cloud-init[393]: Your public key has been saved in /etc/ssh/ssh_host_dsa_key.pub
2024-03-04T00:54:00.319222+00:00 Abbys1 cloud-init[393]: The key fingerprint is:
2024-03-04T00:54:00.319223+00:00 Abbys1 cloud-init[393]: SHA256:HEnbGhWSQpI7kAGFbd6NGIcqLg2EcdTgPgknq+I9+U0 root@Abbys1
2024-03-04T00:54:00.319224+00:00 Abbys1 cloud-init[393]: The key's randomart image is:
2024-03-04T00:54:00.319225+00:00 Abbys1 cloud-init[393]: +---[DSA 1024]----+
2024-03-04T00:54:00.319227+00:00 Abbys1 cloud-init[393]: |+B**.o. o.o.     |
2024-03-04T00:54:00.319228+00:00 Abbys1 cloud-init[393]: |o+B +....*       |
2024-03-04T00:54:00.319229+00:00 Abbys1 cloud-init[393]: |++o* + .= .      |
2024-03-04T00:54:00.319231+00:00 Abbys1 cloud-init[393]: |+*o.= .. +       |
2024-03-04T00:54:00.319232+00:00 Abbys1 cloud-init[393]: |+o+  .  S        |
2024-03-04T00:54:00.319234+00:00 Abbys1 cloud-init[393]: |o...             |
2024-03-04T00:54:00.319235+00:00 Abbys1 cloud-init[393]: |+   .  E         |
2024-03-04T00:54:00.319236+00:00 Abbys1 cloud-init[393]: |o .o  o          |
2024-03-04T00:54:00.319237+00:00 Abbys1 cloud-init[393]: | . .o. .         |
2024-03-04T00:54:00.319239+00:00 Abbys1 cloud-init[393]: +----[SHA256]-----+
2024-03-04T00:54:00.319241+00:00 Abbys1 cloud-init[393]: Generating public/private ecdsa key pair.
2024-03-04T00:54:00.319242+00:00 Abbys1 cloud-init[393]: Your identification has been saved in /etc/ssh/ssh_host_ecdsa_key
2024-03-04T00:54:00.319243+00:00 Abbys1 cloud-init[393]: Your public key has been saved in /etc/ssh/ssh_host_ecdsa_key.pub
2024-03-04T00:54:00.319244+00:00 Abbys1 cloud-init[393]: The key fingerprint is:
2024-03-04T00:54:00.319245+00:00 Abbys1 cloud-init[393]: SHA256:KPTR8nRYe4bWhw7u42jYReJcBQAFxueY8uvIwEzqVkk root@Abbys1
2024-03-04T00:54:00.319248+00:00 Abbys1 cloud-init[393]: The key's randomart image is:
2024-03-04T00:54:00.319249+00:00 Abbys1 cloud-init[393]: +---[ECDSA 256]---+
2024-03-04T00:54:00.319250+00:00 Abbys1 cloud-init[393]: |     .++o.o.     |
2024-03-04T00:54:00.319251+00:00 Abbys1 cloud-init[393]: |     ....o +..   |
2024-03-04T00:54:00.319252+00:00 Abbys1 cloud-init[393]: |    . o=+ *.= .  |
2024-03-04T00:54:00.319253+00:00 Abbys1 cloud-init[393]: |   E..o*o+o= .   |
2024-03-04T00:54:00.319254+00:00 Abbys1 cloud-init[393]: |  o ooooS+. .    |
2024-03-04T00:54:00.319262+00:00 Abbys1 cloud-init[393]: | = o .. o..      |
2024-03-04T00:54:00.319263+00:00 Abbys1 cloud-init[393]: |. =    + .o      |
2024-03-04T00:54:00.319265+00:00 Abbys1 cloud-init[393]: |.. o .o oo .     |
2024-03-04T00:54:00.319266+00:00 Abbys1 cloud-init[393]: |..  o.... .      |
2024-03-04T00:54:00.319267+00:00 Abbys1 cloud-init[393]: +----[SHA256]-----+
2024-03-04T00:54:00.319268+00:00 Abbys1 cloud-init[393]: Generating public/private ed25519 key pair.
2024-03-04T00:54:00.319272+00:00 Abbys1 cloud-init[393]: Your identification has been saved in /etc/ssh/ssh_host_ed25519_key
2024-03-04T00:54:00.319273+00:00 Abbys1 cloud-init[393]: Your public key has been saved in /etc/ssh/ssh_host_ed25519_key.pub
2024-03-04T00:54:00.319274+00:00 Abbys1 cloud-init[393]: The key fingerprint is:
2024-03-04T00:54:00.319275+00:00 Abbys1 cloud-init[393]: SHA256:YnIS3i2JXbPYZ/8E4enfvjw5R2jFKG3r0BTCm3J7fpE root@Abbys1
2024-03-04T00:54:00.319276+00:00 Abbys1 cloud-init[393]: The key's randomart image is:
2024-03-04T00:54:00.319277+00:00 Abbys1 cloud-init[393]: +--[ED25519 256]--+
2024-03-04T00:54:00.319281+00:00 Abbys1 cloud-init[393]: |           .     |
2024-03-04T00:54:00.319282+00:00 Abbys1 cloud-init[393]: |            o .  |
2024-03-04T00:54:00.319283+00:00 Abbys1 cloud-init[393]: |    .   o   .= + |
2024-03-04T00:54:00.319284+00:00 Abbys1 cloud-init[393]: |   . = * o..=o= o|
2024-03-04T00:54:00.319285+00:00 Abbys1 cloud-init[393]: |    = X S oo+* +.|
2024-03-04T00:54:00.319287+00:00 Abbys1 cloud-init[393]: |     = o o oo.*E.|
2024-03-04T00:54:00.319290+00:00 Abbys1 cloud-init[393]: |            o*..o|
2024-03-04T00:54:00.319291+00:00 Abbys1 cloud-init[393]: |             ++=o|
2024-03-04T00:54:00.319292+00:00 Abbys1 cloud-init[393]: |              o=B|
2024-03-04T00:54:00.319293+00:00 Abbys1 cloud-init[393]: +----[SHA256]-----+
2024-03-04T00:54:00.319295+00:00 Abbys1 systemd[1]: Finished cloud-init.service - Initial cloud-init job (metadata service crawler).
2024-03-04T00:54:00.319296+00:00 Abbys1 systemd[1]: Reached target cloud-config.target - Cloud-config availability.
2024-03-04T00:54:00.319297+00:00 Abbys1 systemd[1]: Mounting proc-sys-fs-binfmt_misc.mount - Arbitrary Executable File Formats File System...
2024-03-04T00:54:00.319302+00:00 Abbys1 systemd[1]: Mounted proc-sys-fs-binfmt_misc.mount - Arbitrary Executable File Formats File System.
2024-03-04T00:54:00.319303+00:00 Abbys1 systemd[1]: Finished systemd-binfmt.service - Set Up Additional Binary Formats.
2024-03-04T00:54:00.319304+00:00 Abbys1 systemd[1]: Started systemd-timesyncd.service - Network Time Synchronization.
2024-03-04T00:54:00.319306+00:00 Abbys1 systemd[1]: Reached target time-set.target - System Time Set.
2024-03-04T00:54:00.319307+00:00 Abbys1 systemd[1]: Started systemd-oomd.service - Userspace Out-Of-Memory (OOM) Killer.
2024-03-04T00:54:00.319308+00:00 Abbys1 systemd-resolved[416]: Positive Trust Anchors:
2024-03-04T00:54:00.319311+00:00 Abbys1 systemd-resolved[416]: . IN DS 20326 8 2 e06d44b80b8f1d39a95c0b0d7c65d08458e880409bbc683457104237c7f8ec8d
2024-03-04T00:54:00.319313+00:00 Abbys1 systemd-resolved[416]: Negative trust anchors: home.arpa 10.in-addr.arpa 16.172.in-addr.arpa 17.172.in-addr.arpa 18.172.in-addr.arpa 19.172.in-addr.arpa 20.172.in-addr.arpa 21.172.in-addr.arpa 22.172.in-addr.arpa 23.172.in-addr.arpa 24.172.in-addr.arpa 25.172.in-addr.arpa 26.172.in-addr.arpa 27.172.in-addr.arpa 28.172.in-addr.arpa 29.172.in-addr.arpa 30.172.in-addr.arpa 31.172.in-addr.arpa 168.192.in-addr.arpa d.f.ip6.arpa corp home internal intranet lan local private test
2024-03-04T00:54:00.319314+00:00 Abbys1 systemd-resolved[416]: Using system hostname 'Abbys1'.
2024-03-04T00:54:00.319316+00:00 Abbys1 systemd[1]: Started systemd-resolved.service - Network Name Resolution.
2024-03-04T00:54:00.319317+00:00 Abbys1 systemd[1]: Reached target nss-lookup.target - Host and Network Name Lookups.
2024-03-04T00:54:00.319320+00:00 Abbys1 apparmor.systemd[527]: Warning: found usr.sbin.sssd in /etc/apparmor.d/force-complain, forcing complain mode
2024-03-04T00:54:00.319321+00:00 Abbys1 apparmor.systemd[527]: Warning from /etc/apparmor.d (/etc/apparmor.d/usr.sbin.sssd line 60): Caching disabled for: 'usr.sbin.sssd' due to force complain
2024-03-04T00:54:00.319323+00:00 Abbys1 systemd[1]: Finished apparmor.service - Load AppArmor profiles.
2024-03-04T00:54:00.319324+00:00 Abbys1 systemd[1]: Starting snapd.apparmor.service - Load AppArmor profiles managed internally by snapd...
2024-03-04T00:54:00.319327+00:00 Abbys1 snapd-apparmor[528]: main.go:124: Loading profiles [/var/lib/snapd/apparmor/profiles/snap-confine.snapd.18933 /var/lib/snapd/apparmor/profiles/snap-update-ns.firefox /var/lib/snapd/apparmor/profiles/snap-update-ns.snap-store /var/lib/snapd/apparmor/profiles/snap-update-ns.snapd-desktop-integration /var/lib/snapd/apparmor/profiles/snap.firefox.firefox /var/lib/snapd/apparmor/profiles/snap.firefox.geckodriver /var/lib/snapd/apparmor/profiles/snap.firefox.hook.configure /var/lib/snapd/apparmor/profiles/snap.firefox.hook.connect-plug-host-hunspell /var/lib/snapd/apparmor/profiles/snap.firefox.hook.disconnect-plug-host-hunspell /var/lib/snapd/apparmor/profiles/snap.firefox.hook.post-refresh /var/lib/snapd/apparmor/profiles/snap.snap-store.hook.configure /var/lib/snapd/apparmor/profiles/snap.snap-store.snap-store /var/lib/snapd/apparmor/profiles/snap.snap-store.ubuntu-software /var/lib/snapd/apparmor/profiles/snap.snap-store.ubuntu-software-local-file /var/lib/snapd/apparmor/profiles/snap.snapd-desktop-integration.hook.configure /var/lib/snapd/apparmor/profiles/snap.snapd-desktop-integration.snapd-desktop-integration]
2024-03-04T00:54:00.319332+00:00 Abbys1 systemd[1]: Finished snapd.apparmor.service - Load AppArmor profiles managed internally by snapd.
2024-03-04T00:54:00.319333+00:00 Abbys1 systemd[1]: Reached target sysinit.target - System Initialization.
2024-03-04T00:54:00.319334+00:00 Abbys1 systemd[1]: apport-autoreport.path - Process error reports when automatic reporting is enabled (file watch) was skipped because of an unmet condition check (ConditionPathExists=/var/lib/apport/autoreport).
2024-03-04T00:54:00.319336+00:00 Abbys1 systemd[1]: Started cups.path - CUPS Scheduler.
2024-03-04T00:54:00.319337+00:00 Abbys1 systemd[1]: tpm-udev.path - Handle dynamically added tpm devices was skipped because of an unmet condition check (ConditionVirtualization=container).
2024-03-04T00:54:00.319340+00:00 Abbys1 systemd[1]: Started whoopsie.path - Start whoopsie on modification of the /var/crash directory.
2024-03-04T00:54:00.319341+00:00 Abbys1 systemd[1]: Started anacron.timer - Trigger anacron every hour.
2024-03-04T00:54:00.319342+00:00 Abbys1 systemd[1]: apport-autoreport.timer - Process error reports when automatic reporting is enabled (timer based) was skipped because of an unmet condition check (ConditionPathExists=/var/lib/apport/autoreport).
2024-03-04T00:54:00.319344+00:00 Abbys1 systemd[1]: Started apt-daily.timer - Daily apt download activities.
2024-03-04T00:54:00.319345+00:00 Abbys1 systemd[1]: Started apt-daily-upgrade.timer - Daily apt upgrade and clean activities.
2024-03-04T00:54:00.319348+00:00 Abbys1 systemd[1]: Started dpkg-db-backup.timer - Daily dpkg database backup timer.
2024-03-04T00:54:00.319349+00:00 Abbys1 systemd[1]: Started e2scrub_all.timer - Periodic ext4 Online Metadata Check for All Filesystems.
2024-03-04T00:54:00.319350+00:00 Abbys1 systemd[1]: Started fstrim.timer - Discard unused blocks once a week.
2024-03-04T00:54:00.319351+00:00 Abbys1 systemd[1]: Started fwupd-refresh.timer - Refresh fwupd metadata regularly.
2024-03-04T00:54:00.319352+00:00 Abbys1 systemd[1]: Started logrotate.timer - Daily rotation of log files.
2024-03-04T00:54:00.319353+00:00 Abbys1 systemd[1]: Started man-db.timer - Daily man-db regeneration.
2024-03-04T00:54:00.319357+00:00 Abbys1 systemd[1]: Started motd-news.timer - Message of the Day.
2024-03-04T00:54:00.319358+00:00 Abbys1 systemd[1]: snapd.snap-repair.timer - Timer to automatically fetch and run repair assertions was skipped because no trigger condition checks were met.
2024-03-04T00:54:00.319359+00:00 Abbys1 systemd[1]: Started systemd-tmpfiles-clean.timer - Daily Cleanup of Temporary Directories.
2024-03-04T00:54:00.319360+00:00 Abbys1 systemd[1]: Started ua-timer.timer - Ubuntu Advantage Timer for running repeated jobs.
2024-03-04T00:54:00.319362+00:00 Abbys1 systemd[1]: Reached target paths.target - Path Units.
2024-03-04T00:54:00.319363+00:00 Abbys1 systemd[1]: apport-forward.socket - Unix socket for apport crash forwarding was skipped because of an unmet condition check (ConditionVirtualization=container).
2024-03-04T00:54:00.319366+00:00 Abbys1 systemd[1]: Listening on avahi-daemon.socket - Avahi mDNS/DNS-SD Stack Activation Socket.
2024-03-04T00:54:00.319368+00:00 Abbys1 systemd[1]: Listening on cloud-init-hotplugd.socket - cloud-init hotplug hook socket.
2024-03-04T00:54:00.319369+00:00 Abbys1 systemd[1]: Listening on cups.socket - CUPS Scheduler.
2024-03-04T00:54:00.319370+00:00 Abbys1 systemd[1]: Listening on dbus.socket - D-Bus System Message Bus Socket.
2024-03-04T00:54:00.319371+00:00 Abbys1 systemd[1]: Starting snapd.socket - Socket activation for snappy daemon...
2024-03-04T00:54:00.319372+00:00 Abbys1 systemd[1]: Listening on uuidd.socket - UUID daemon activation socket.
2024-03-04T00:54:00.319375+00:00 Abbys1 systemd[1]: systemd-pcrphase-sysinit.service - TPM2 PCR Barrier (Initialization) was skipped because of an unmet condition check (ConditionPathExists=/sys/firmware/efi/efivars/StubPcrKernelImage-4a67b082-0a4c-41cf-b6c7-440b29bb8c4f).
2024-03-04T00:54:00.319377+00:00 Abbys1 systemd[1]: Listening on snapd.socket - Socket activation for snappy daemon.
2024-03-04T00:54:00.319378+00:00 Abbys1 systemd[1]: Reached target sockets.target - Socket Units.
2024-03-04T00:54:00.319379+00:00 Abbys1 systemd[1]: Reached target basic.target - Basic System.
2024-03-04T00:54:00.319381+00:00 Abbys1 systemd[1]: Started anacron.service - Run anacron jobs.
2024-03-04T00:54:00.319382+00:00 Abbys1 systemd[1]: Starting apport.service - automatic crash report generation...
2024-03-04T00:54:00.319385+00:00 Abbys1 systemd[1]: Starting avahi-daemon.service - Avahi mDNS/DNS-SD Stack...
2024-03-04T00:54:00.319386+00:00 Abbys1 anacron[553]: Anacron 2.3 started on 2024-03-04
2024-03-04T00:54:00.319388+00:00 Abbys1 systemd[1]: Starting dbus.service - D-Bus System Message Bus...
2024-03-04T00:54:00.319389+00:00 Abbys1 systemd[1]: Started dmesg.service - Save initial kernel messages after boot.
2024-03-04T00:54:00.319390+00:00 Abbys1 systemd[1]: Starting e2scrub_reap.service - Remove Stale Online ext4 Metadata Check Snapshots...
2024-03-04T00:54:00.319392+00:00 Abbys1 systemd[1]: getty-static.service - getty on tty2-tty6 if dbus and logind are not available was skipped because of an unmet condition check (ConditionPathExists=!/usr/bin/dbus-daemon).
2024-03-04T00:54:00.319395+00:00 Abbys1 systemd[1]: Reached target getty.target - Login Prompts.
2024-03-04T00:54:00.319396+00:00 Abbys1 systemd[1]: Starting gpu-manager.service - Detect the available GPUs and deal with any system changes...
2024-03-04T00:54:00.319397+00:00 Abbys1 anacron[553]: Will run job `cron.daily' in 5 min.
2024-03-04T00:54:00.319398+00:00 Abbys1 anacron[553]: Will run job `cron.weekly' in 10 min.
2024-03-04T00:54:00.319400+00:00 Abbys1 anacron[553]: Will run job `cron.monthly' in 15 min.
2024-03-04T00:54:00.319401+00:00 Abbys1 anacron[553]: Jobs will be executed sequentially
2024-03-04T00:54:00.319404+00:00 Abbys1 systemd[1]: Starting grub-common.service - Record successful boot for GRUB...
2024-03-04T00:54:00.319405+00:00 Abbys1 systemd[1]: Started irqbalance.service - irqbalance daemon.
2024-03-04T00:54:00.319406+00:00 Abbys1 avahi-daemon[555]: Found user 'avahi' (UID 110) and group 'avahi' (GID 116).
2024-03-04T00:54:00.319407+00:00 Abbys1 systemd[1]: networkd-dispatcher.service - Dispatcher daemon for systemd-networkd was skipped because no trigger condition checks were met.
2024-03-04T00:54:00.319408+00:00 Abbys1 systemd[1]: Starting polkit.service - Authorization Manager...
2024-03-04T00:54:00.319410+00:00 Abbys1 dbus-daemon[556]: dbus[556]: Unknown group "power" in message bus configuration file
2024-03-04T00:54:00.319413+00:00 Abbys1 systemd[1]: Starting power-profiles-daemon.service - Power Profiles daemon...
2024-03-04T00:54:00.319414+00:00 Abbys1 systemd[1]: Starting rsyslog.service - System Logging Service...
2024-03-04T00:54:00.319415+00:00 Abbys1 systemd[1]: secureboot-db.service - Secure Boot updates for DB and DBX was skipped because of an unmet condition check (ConditionPathExists=/sys/firmware/efi/efivars/db-d719b2cb-3d3a-4596-a3bc-dad00e67656f).
2024-03-04T00:54:00.319416+00:00 Abbys1 systemd[1]: Started snapd.aa-prompt-listener.service - Userspace listener for prompt events.
2024-03-04T00:54:00.319418+00:00 Abbys1 systemd[1]: snapd.core-fixup.service - Automatically repair incorrect owner/permissions on core devices was skipped because no trigger condition checks were met.
2024-03-04T00:54:00.319423+00:00 Abbys1 systemd[1]: snapd.recovery-chooser-trigger.service - Wait for the Ubuntu Core chooser trigger was skipped because of an unmet condition check (ConditionKernelCommandLine=snapd_recovery_mode).
2024-03-04T00:54:00.319424+00:00 Abbys1 systemd[1]: Reached target getty-pre.target - Preparation for Logins.
2024-03-04T00:54:00.319425+00:00 Abbys1 systemd[1]: Starting snapd.service - Snap Daemon...
2024-03-04T00:54:00.319426+00:00 Abbys1 systemd[1]: sssd.service - System Security Services Daemon was skipped because no trigger condition checks were met.
2024-03-04T00:54:00.319427+00:00 Abbys1 systemd[1]: Reached target nss-user-lookup.target - User and Group Name Lookups.
2024-03-04T00:54:00.319429+00:00 Abbys1 systemd[1]: sssd-nss.socket: Bound to unit sssd.service, but unit isn't active.
2024-03-04T00:54:00.319432+00:00 Abbys1 systemd[1]: Dependency failed for sssd-nss.socket - SSSD NSS Service responder socket.
2024-03-04T00:54:00.319433+00:00 Abbys1 systemd[1]: sssd-nss.socket: Job sssd-nss.socket/start failed with result 'dependency'.
2024-03-04T00:54:00.319435+00:00 Abbys1 systemd[1]: sssd-autofs.socket: Bound to unit sssd.service, but unit isn't active.
2024-03-04T00:54:00.319436+00:00 Abbys1 systemd[1]: Dependency failed for sssd-autofs.socket - SSSD AutoFS Service responder socket.
2024-03-04T00:54:00.319437+00:00 Abbys1 systemd[1]: sssd-autofs.socket: Job sssd-autofs.socket/start failed with result 'dependency'.
2024-03-04T00:54:00.319440+00:00 Abbys1 systemd[1]: sssd-pac.socket: Bound to unit sssd.service, but unit isn't active.
2024-03-04T00:54:00.319441+00:00 Abbys1 systemd[1]: Dependency failed for sssd-pac.socket - SSSD PAC Service responder socket.
2024-03-04T00:54:00.319443+00:00 Abbys1 systemd[1]: sssd-pac.socket: Job sssd-pac.socket/start failed with result 'dependency'.
2024-03-04T00:54:00.319444+00:00 Abbys1 systemd[1]: sssd-pam-priv.socket: Bound to unit sssd.service, but unit isn't active.
2024-03-04T00:54:00.319445+00:00 Abbys1 systemd[1]: Dependency failed for sssd-pam-priv.socket - SSSD PAM Service responder private socket.
2024-03-04T00:54:00.319446+00:00 Abbys1 systemd[1]: Dependency failed for sssd-pam.socket - SSSD PAM Service responder socket.
2024-03-04T00:54:00.319449+00:00 Abbys1 systemd[1]: sssd-pam.socket: Job sssd-pam.socket/start failed with result 'dependency'.
2024-03-04T00:54:00.319450+00:00 Abbys1 systemd[1]: sssd-pam-priv.socket: Job sssd-pam-priv.socket/start failed with result 'dependency'.
2024-03-04T00:54:00.319451+00:00 Abbys1 systemd[1]: sssd-ssh.socket: Bound to unit sssd.service, but unit isn't active.
2024-03-04T00:54:00.319452+00:00 Abbys1 systemd[1]: Dependency failed for sssd-ssh.socket - SSSD SSH Service responder socket.
2024-03-04T00:54:00.319453+00:00 Abbys1 systemd[1]: sssd-ssh.socket: Job sssd-ssh.socket/start failed with result 'dependency'.
2024-03-04T00:54:00.319456+00:00 Abbys1 systemd[1]: sssd-sudo.socket: Bound to unit sssd.service, but unit isn't active.
2024-03-04T00:54:00.319457+00:00 Abbys1 systemd[1]: Dependency failed for sssd-sudo.socket - SSSD Sudo Service responder socket.
2024-03-04T00:54:00.319459+00:00 Abbys1 systemd[1]: sssd-sudo.socket: Job sssd-sudo.socket/start failed with result 'dependency'.
2024-03-04T00:54:00.319460+00:00 Abbys1 systemd[1]: Starting accounts-daemon.service - Accounts Service...
2024-03-04T00:54:00.319461+00:00 Abbys1 systemd[1]: Started cron.service - Regular background program processing daemon.
2024-03-04T00:54:00.319462+00:00 Abbys1 systemd[1]: Starting switcheroo-control.service - Switcheroo Control Proxy service...
2024-03-04T00:54:00.319465+00:00 Abbys1 systemd[1]: Starting systemd-logind.service - User Login Management...
2024-03-04T00:54:00.319466+00:00 Abbys1 systemd[1]: systemd-pcrphase.service - TPM2 PCR Barrier (User) was skipped because of an unmet condition check (ConditionPathExists=/sys/firmware/efi/efivars/StubPcrKernelImage-4a67b082-0a4c-41cf-b6c7-440b29bb8c4f).
2024-03-04T00:54:00.319468+00:00 Abbys1 systemd[1]: thermald.service - Thermal Daemon Service was skipped because of an unmet condition check (ConditionVirtualization=no).
2024-03-04T00:54:00.319469+00:00 Abbys1 systemd[1]: ua-reboot-cmds.service - Ubuntu Advantage reboot cmds was skipped because of an unmet condition check (ConditionPathExists=/var/lib/ubuntu-advantage/marker-reboot-cmds-required).
2024-03-04T00:54:00.319470+00:00 Abbys1 cron[592]: (CRON) INFO (pidfile fd = 3)
2024-03-04T00:54:00.319473+00:00 Abbys1 snapd-aa-prompt-listener[576]: AA Prompt listener not implemented
2024-03-04T00:54:00.319475+00:00 Abbys1 cron[592]: (CRON) INFO (Running @reboot jobs)
2024-03-04T00:54:00.319476+00:00 Abbys1 systemd[1]: Starting udisks2.service - Disk Manager...
2024-03-04T00:54:00.319478+00:00 Abbys1 udisksd[602]: udisks daemon version 2.9.4 starting
2024-03-04T00:54:00.319479+00:00 Abbys1 dbus-daemon[556]: [system] AppArmor D-Bus mediation is enabled
2024-03-04T00:54:00.319481+00:00 Abbys1 dbus-daemon[556]: [system] Activating systemd to hand-off: service name='org.freedesktop.PolicyKit1' unit='polkit.service' requested by ':1.5' (uid=0 pid=574 comm="/usr/libexec/power-profiles-daemon" label="unconfined")
2024-03-04T00:54:00.319484+00:00 Abbys1 systemd[1]: Started dbus.service - D-Bus System Message Bus.
2024-03-04T00:54:00.319485+00:00 Abbys1 polkitd[571]: started daemon version 0.105 using authority implementation `local' version `0.105'
2024-03-04T00:54:00.319486+00:00 Abbys1 dbus-daemon[556]: [system] Successfully activated service 'org.freedesktop.PolicyKit1'
2024-03-04T00:54:00.319487+00:00 Abbys1 udisksd[602]: failed to load module mdraid: libbd_mdraid.so.2: cannot open shared object file: No such file or directory
2024-03-04T00:54:00.319489+00:00 Abbys1 dbus-daemon[556]: [system] Activating systemd to hand-off: service name='org.freedesktop.login1' unit='dbus-org.freedesktop.login1.service' requested by ':1.5' (uid=0 pid=574 comm="/usr/libexec/power-profiles-daemon" label="unconfined")
2024-03-04T00:54:00.319490+00:00 Abbys1 accounts-daemon[581]: started daemon version 22.08.8
2024-03-04T00:54:00.319493+00:00 Abbys1 systemd[1]: gpu-manager.service: Deactivated successfully.
2024-03-04T00:54:00.319494+00:00 Abbys1 systemd[1]: Finished gpu-manager.service - Detect the available GPUs and deal with any system changes.
2024-03-04T00:54:00.319495+00:00 Abbys1 systemd[1]: snapd.aa-prompt-listener.service: Deactivated successfully.
2024-03-04T00:54:00.319496+00:00 Abbys1 udisksd[602]: Failed to load the 'mdraid' libblockdev plugin
2024-03-04T00:54:00.319497+00:00 Abbys1 avahi-daemon[555]: Successfully dropped root privileges.
2024-03-04T00:54:00.319499+00:00 Abbys1 avahi-daemon[555]: avahi-daemon 0.8 starting up.
2024-03-04T00:54:00.319502+00:00 Abbys1 dbus-daemon[556]: [system] Successfully activated service 'org.freedesktop.systemd1'
2024-03-04T00:54:00.319503+00:00 Abbys1 avahi-daemon[555]: Successfully called chroot().
2024-03-04T00:54:00.319505+00:00 Abbys1 avahi-daemon[555]: Successfully dropped remaining capabilities.
2024-03-04T00:54:00.319506+00:00 Abbys1 avahi-daemon[555]: No service file found in /etc/avahi/services.
2024-03-04T00:54:00.319507+00:00 Abbys1 systemd[1]: Starting NetworkManager.service - Network Manager...
2024-03-04T00:54:00.319508+00:00 Abbys1 avahi-daemon[555]: Joining mDNS multicast group on interface lo.IPv6 with address ::1.
2024-03-04T00:54:00.319511+00:00 Abbys1 avahi-daemon[555]: New relevant interface lo.IPv6 for mDNS.
2024-03-04T00:54:00.319512+00:00 Abbys1 avahi-daemon[555]: Joining mDNS multicast group on interface lo.IPv4 with address 127.0.0.1.
2024-03-04T00:54:00.319514+00:00 Abbys1 avahi-daemon[555]: New relevant interface lo.IPv4 for mDNS.
2024-03-04T00:54:00.319515+00:00 Abbys1 avahi-daemon[555]: Network interface enumeration completed.
2024-03-04T00:54:00.319516+00:00 Abbys1 avahi-daemon[555]: Registering new address record for ::1 on lo.*.
2024-03-04T00:54:00.319517+00:00 Abbys1 avahi-daemon[555]: Registering new address record for 127.0.0.1 on lo.IPv4.
2024-03-04T00:54:00.319520+00:00 Abbys1 systemd[1]: Starting wpa_supplicant.service - WPA supplicant...
2024-03-04T00:54:00.319521+00:00 Abbys1 systemd[1]: grub-common.service: Deactivated successfully.
2024-03-04T00:54:00.319522+00:00 Abbys1 systemd[1]: Finished grub-common.service - Record successful boot for GRUB.
2024-03-04T00:54:00.319523+00:00 Abbys1 wpa_supplicant[635]: Successfully initialized wpa_supplicant
2024-03-04T00:54:00.319525+00:00 Abbys1 systemd[1]: Started polkit.service - Authorization Manager.
2024-03-04T00:54:00.319526+00:00 Abbys1 systemd[1]: Started power-profiles-daemon.service - Power Profiles daemon.
2024-03-04T00:54:00.319527+00:00 Abbys1 systemd[1]: Started switcheroo-control.service - Switcheroo Control Proxy service.
2024-03-04T00:54:00.319530+00:00 Abbys1 systemd[1]: Started accounts-daemon.service - Accounts Service.
2024-03-04T00:54:00.319531+00:00 Abbys1 systemd[1]: Started avahi-daemon.service - Avahi mDNS/DNS-SD Stack.
2024-03-04T00:54:00.319535+00:00 Abbys1 systemd[1]: Started wpa_supplicant.service - WPA supplicant.
2024-03-04T00:54:00.319540+00:00 Abbys1 dbus-daemon[556]: [system] Successfully activated service 'org.freedesktop.login1'
2024-03-04T00:54:00.319542+00:00 Abbys1 systemd[1]: Started systemd-logind.service - User Login Management.
2024-03-04T00:54:00.319543+00:00 Abbys1 systemd[1]: alsa-state.service - Manage Sound Card State (restore and store) was skipped because of an unmet condition check (ConditionPathExists=/etc/alsa/state-daemon.conf).
2024-03-04T00:54:00.319544+00:00 Abbys1 NetworkManager[631]: <info>  [1709513640.1380] NetworkManager (version 1.42.4) is starting... (boot:b7656997-e923-475d-917c-a16806e0a72a)
2024-03-04T00:54:00.319547+00:00 Abbys1 NetworkManager[631]: <info>  [1709513640.1381] Read config: /etc/NetworkManager/NetworkManager.conf (lib: 10-dns-resolved.conf, 20-connectivity-ubuntu.conf, no-mac-addr-change.conf) (run: 10-globally-managed-devices.conf) (etc: default-wifi-powersave-on.conf)
2024-03-04T00:54:00.319549+00:00 Abbys1 systemd[1]: Starting alsa-restore.service - Save/Restore Sound Card State...
2024-03-04T00:54:00.319550+00:00 Abbys1 systemd[1]: Starting grub-initrd-fallback.service - GRUB failed boot detection...
2024-03-04T00:54:00.319551+00:00 Abbys1 systemd[1]: Starting modprobe@drm.service - Load Kernel Module drm...
2024-03-04T00:54:00.319552+00:00 Abbys1 systemd[1]: Starting ModemManager.service - Modem Manager...
2024-03-04T00:54:00.319553+00:00 Abbys1 systemd[1]: e2scrub_reap.service: Deactivated successfully.
2024-03-04T00:54:00.319558+00:00 Abbys1 systemd[1]: Finished e2scrub_reap.service - Remove Stale Online ext4 Metadata Check Snapshots.
2024-03-04T00:54:00.319559+00:00 Abbys1 systemd[1]: modprobe@drm.service: Deactivated successfully.
2024-03-04T00:54:00.319560+00:00 Abbys1 systemd[1]: Finished modprobe@drm.service - Load Kernel Module drm.
2024-03-04T00:54:00.319561+00:00 Abbys1 alsactl[653]: /usr/sbin/alsactl: load_state:1689: Cannot open /var/lib/alsa/asound.state for reading: No such file or directory
2024-03-04T00:54:00.319562+00:00 Abbys1 alsactl[653]: alsa-lib main.c:1541:(snd_use_case_mgr_open) error: failed to import hw:0 use case configuration -2
2024-03-04T00:54:00.319563+00:00 Abbys1 alsactl[653]: Found hardware: "ICH" "Analog Devices AD1980" "AC97a:41445370" "0x1028" "0x0177"
2024-03-04T00:54:00.319567+00:00 Abbys1 alsactl[653]: Hardware is initialized using a generic method
2024-03-04T00:54:00.319569+00:00 Abbys1 NetworkManager[631]: <info>  [1709513640.1525] bus-manager: acquired D-Bus service "org.freedesktop.NetworkManager"
2024-03-04T00:54:00.319570+00:00 Abbys1 NetworkManager[631]: <info>  [1709513640.1579] manager[0x557707b28a00]: monitoring kernel firmware directory '/lib/firmware'.
2024-03-04T00:54:00.319571+00:00 Abbys1 NetworkManager[631]: <info>  [1709513640.1580] monitoring ifupdown state file '/run/network/ifstate'.
2024-03-04T00:54:00.319572+00:00 Abbys1 dbus-daemon[556]: [system] Activating via systemd: service name='org.freedesktop.hostname1' unit='dbus-org.freedesktop.hostname1.service' requested by ':1.12' (uid=0 pid=631 comm="/usr/sbin/NetworkManager --no-daemon" label="unconfined")
2024-03-04T00:54:00.319575+00:00 Abbys1 systemd[1]: Finished alsa-restore.service - Save/Restore Sound Card State.
2024-03-04T00:54:00.319576+00:00 Abbys1 systemd[1]: Started NetworkManager.service - Network Manager.
2024-03-04T00:54:00.319578+00:00 Abbys1 systemd[1]: Reached target network.target - Network.
2024-03-04T00:54:00.319579+00:00 Abbys1 systemd[1]: Reached target sound.target - Sound Card.
2024-03-04T00:54:00.319580+00:00 Abbys1 snapd[578]: overlord.go:270: Acquiring state lock file
2024-03-04T00:54:00.319581+00:00 Abbys1 snapd[578]: overlord.go:275: Acquired state lock file
2024-03-04T00:54:00.319584+00:00 Abbys1 ModemManager[649]: <info>  ModemManager (version 1.20.4) starting in system bus...
2024-03-04T00:54:00.319585+00:00 Abbys1 systemd[1]: Starting NetworkManager-wait-online.service - Network Manager Wait Online...
2024-03-04T00:54:00.319586+00:00 Abbys1 systemd[1]: Starting cups.service - CUPS Scheduler...
2024-03-04T00:54:00.319588+00:00 Abbys1 systemd[1]: Starting openvpn.service - OpenVPN service...
2024-03-04T00:54:00.319589+00:00 Abbys1 systemd[1]: Starting systemd-hostnamed.service - Hostname Service...
2024-03-04T00:54:00.319590+00:00 Abbys1 udisksd[602]: Acquired the name org.freedesktop.UDisks2 on the system message bus
2024-03-04T00:54:00.319593+00:00 Abbys1 systemd[1]: Starting systemd-user-sessions.service - Permit User Sessions...
2024-03-04T00:54:00.319594+00:00 Abbys1 systemd[1]: Started unattended-upgrades.service - Unattended Upgrades Shutdown.
2024-03-04T00:54:00.319595+00:00 Abbys1 systemd[1]: Finished apport.service - automatic crash report generation.
2024-03-04T00:54:00.319596+00:00 Abbys1 systemd[1]: Finished openvpn.service - OpenVPN service.
2024-03-04T00:54:00.319598+00:00 Abbys1 systemd[1]: Finished systemd-user-sessions.service - Permit User Sessions.
2024-03-04T00:54:00.319599+00:00 Abbys1 systemd[1]: Started udisks2.service - Disk Manager.
2024-03-04T00:54:00.319602+00:00 Abbys1 systemd[1]: grub-initrd-fallback.service: Deactivated successfully.
2024-03-04T00:54:00.319603+00:00 Abbys1 systemd[1]: Finished grub-initrd-fallback.service - GRUB failed boot detection.
2024-03-04T00:54:00.319604+00:00 Abbys1 systemd[1]: Started ModemManager.service - Modem Manager.
2024-03-04T00:54:00.313745+00:00 Abbys1 snapd[578]: patch.go:64: Patching system state level 6 to sublevel 1...
2024-03-04T00:54:00.315682+00:00 Abbys1 systemd[1]: Starting plymouth-quit-wait.service - Hold until boot process finishes up...
2024-03-04T00:54:00.315891+00:00 Abbys1 systemd[1]: Started cups.service - CUPS Scheduler.
2024-03-04T00:54:00.316899+00:00 Abbys1 rsyslogd: imuxsock: Acquired UNIX socket '/run/systemd/journal/syslog' (fd 3) from systemd.  [v8.2302.0]
2024-03-04T00:54:00.316947+00:00 Abbys1 rsyslogd: rsyslogd's groupid changed to 107
2024-03-04T00:54:00.316964+00:00 Abbys1 rsyslogd: rsyslogd's userid changed to 101
2024-03-04T00:54:00.316981+00:00 Abbys1 rsyslogd: [origin software="rsyslogd" swVersion="8.2302.0" x-pid="688" x-info="https://www.rsyslog.com"] start
2024-03-04T00:54:00.317199+00:00 Abbys1 systemd[1]: Started rsyslog.service - System Logging Service.
2024-03-04T00:54:00.322174+00:00 Abbys1 kernel: [    0.249450] pci 0000:00:07.0: quirk: [io  0x4100-0x410f] claimed by PIIX4 SMB
2024-03-04T00:54:00.322177+00:00 Abbys1 kernel: [    0.258492] pci 0000:00:0b.0: [8086:265c] type 00 class 0x0c0320
2024-03-04T00:54:00.322178+00:00 Abbys1 kernel: [    0.258697] pci 0000:00:0b.0: reg 0x10: [mem 0xf0805000-0xf0805fff]
2024-03-04T00:54:00.322178+00:00 Abbys1 kernel: [    0.262561] pci 0000:00:0d.0: [8086:2829] type 00 class 0x010601
2024-03-04T00:54:00.322178+00:00 Abbys1 kernel: [    0.262784] pci 0000:00:0d.0: reg 0x10: [io  0xd240-0xd247]
2024-03-04T00:54:00.322178+00:00 Abbys1 kernel: [    0.262898] pci 0000:00:0d.0: reg 0x14: [io  0xd248-0xd24b]
2024-03-04T00:54:00.322219+00:00 Abbys1 kernel: [    0.263010] pci 0000:00:0d.0: reg 0x18: [io  0xd250-0xd257]
2024-03-04T00:54:00.322220+00:00 Abbys1 kernel: [    0.263122] pci 0000:00:0d.0: reg 0x1c: [io  0xd258-0xd25b]
2024-03-04T00:54:00.322220+00:00 Abbys1 kernel: [    0.263233] pci 0000:00:0d.0: reg 0x20: [io  0xd260-0xd26f]
2024-03-04T00:54:00.322220+00:00 Abbys1 kernel: [    0.263344] pci 0000:00:0d.0: reg 0x24: [mem 0xf0806000-0xf0807fff]
2024-03-04T00:54:00.322221+00:00 Abbys1 kernel: [    0.313875] ACPI: PCI: Interrupt link LNKA configured for IRQ 11
2024-03-04T00:54:00.322221+00:00 Abbys1 kernel: [    0.314135] ACPI: PCI: Interrupt link LNKB configured for IRQ 10
2024-03-04T00:54:00.322221+00:00 Abbys1 kernel: [    0.314224] ACPI: PCI: Interrupt link LNKC configured for IRQ 9
2024-03-04T00:54:00.322223+00:00 Abbys1 kernel: [    0.314314] ACPI: PCI: Interrupt link LNKD configured for IRQ 11
2024-03-04T00:54:00.322223+00:00 Abbys1 kernel: [    0.314498] iommu: Default domain type: Translated 
2024-03-04T00:54:00.322223+00:00 Abbys1 kernel: [    0.314498] iommu: DMA domain TLB invalidation policy: lazy mode 
2024-03-04T00:54:00.322224+00:00 Abbys1 kernel: [    0.314498] SCSI subsystem initialized
2024-03-04T00:54:00.322224+00:00 Abbys1 kernel: [    0.314498] libata version 3.00 loaded.
2024-03-04T00:54:00.322224+00:00 Abbys1 kernel: [    0.314498] ACPI: bus type USB registered
2024-03-04T00:54:00.322228+00:00 Abbys1 kernel: [    0.314498] usbcore: registered new interface driver usbfs
2024-03-04T00:54:00.322228+00:00 Abbys1 kernel: [    0.314498] usbcore: registered new interface driver hub
2024-03-04T00:54:00.322228+00:00 Abbys1 kernel: [    0.314498] usbcore: registered new device driver usb
2024-03-04T00:54:00.322229+00:00 Abbys1 kernel: [    0.314498] pps_core: LinuxPPS API ver. 1 registered
2024-03-04T00:54:00.322229+00:00 Abbys1 kernel: [    0.314498] pps_core: Software ver. 5.3.6 - Copyright 2005-2007 Rodolfo Giometti <giometti@linux.it>
2024-03-04T00:54:00.322229+00:00 Abbys1 kernel: [    0.314498] PTP clock support registered
2024-03-04T00:54:00.322231+00:00 Abbys1 kernel: [    0.314498] EDAC MC: Ver: 3.0.0
2024-03-04T00:54:00.322231+00:00 Abbys1 kernel: [    0.314498] NetLabel: Initializing
2024-03-04T00:54:00.322231+00:00 Abbys1 kernel: [    0.314498] NetLabel:  domain hash size = 128
2024-03-04T00:54:00.322231+00:00 Abbys1 kernel: [    0.314498] NetLabel:  protocols = UNLABELED CIPSOv4 CALIPSO
2024-03-04T00:54:00.322232+00:00 Abbys1 kernel: [    0.314498] NetLabel:  unlabeled traffic allowed by default
2024-03-04T00:54:00.322232+00:00 Abbys1 kernel: [    0.314498] mctp: management component transport protocol core
2024-03-04T00:54:00.322232+00:00 Abbys1 kernel: [    0.314498] NET: Registered PF_MCTP protocol family
2024-03-04T00:54:00.322234+00:00 Abbys1 kernel: [    0.314498] PCI: Using ACPI for IRQ routing
2024-03-04T00:54:00.322234+00:00 Abbys1 kernel: [    0.314498] PCI: pci_cache_line_size set to 64 bytes
2024-03-04T00:54:00.322234+00:00 Abbys1 kernel: [    0.314498] e820: reserve RAM buffer [mem 0x0009fc00-0x0009ffff]
2024-03-04T00:54:00.322234+00:00 Abbys1 kernel: [    0.314498] e820: reserve RAM buffer [mem 0xdfff0000-0xdfffffff]
2024-03-04T00:54:00.322235+00:00 Abbys1 kernel: [    0.314498] pci 0000:00:02.0: vgaarb: setting as boot VGA device
2024-03-04T00:54:00.322235+00:00 Abbys1 kernel: [    0.314498] pci 0000:00:02.0: vgaarb: bridge control possible
2024-03-04T00:54:00.322236+00:00 Abbys1 kernel: [    0.314498] pci 0000:00:02.0: vgaarb: VGA device added: decodes=io+mem,owns=io+mem,locks=none
2024-03-04T00:54:00.322237+00:00 Abbys1 kernel: [    0.314498] vgaarb: loaded
2024-03-04T00:54:00.322237+00:00 Abbys1 kernel: [    0.317915] clocksource: Switched to clocksource kvm-clock
2024-03-04T00:54:00.322237+00:00 Abbys1 kernel: [    0.325029] VFS: Disk quotas dquot_6.6.0
2024-03-04T00:54:00.322237+00:00 Abbys1 kernel: [    0.325036] VFS: Dquot-cache hash table entries: 512 (order 0, 4096 bytes)
2024-03-04T00:54:00.322237+00:00 Abbys1 kernel: [    0.325103] AppArmor: AppArmor Filesystem Enabled
2024-03-04T00:54:00.322241+00:00 Abbys1 kernel: [    0.325112] pnp: PnP ACPI init
2024-03-04T00:54:00.322241+00:00 Abbys1 kernel: [    0.325796] pnp: PnP ACPI: found 2 devices
2024-03-04T00:54:00.322241+00:00 Abbys1 kernel: [    0.344815] clocksource: acpi_pm: mask: 0xffffff max_cycles: 0xffffff, max_idle_ns: 2085701024 ns
2024-03-04T00:54:00.322241+00:00 Abbys1 kernel: [    0.344856] NET: Registered PF_INET protocol family
2024-03-04T00:54:00.322242+00:00 Abbys1 kernel: [    0.345201] IP idents hash table entries: 65536 (order: 7, 524288 bytes, linear)
2024-03-04T00:54:00.322242+00:00 Abbys1 kernel: [    0.347267] tcp_listen_portaddr_hash hash table entries: 2048 (order: 3, 32768 bytes, linear)
2024-03-04T00:54:00.322242+00:00 Abbys1 kernel: [    0.347292] Table-perturb hash table entries: 65536 (order: 6, 262144 bytes, linear)
2024-03-04T00:54:00.322244+00:00 Abbys1 kernel: [    0.347319] TCP established hash table entries: 32768 (order: 6, 262144 bytes, linear)
2024-03-04T00:54:00.322244+00:00 Abbys1 kernel: [    0.348732] TCP bind hash table entries: 32768 (order: 8, 1048576 bytes, linear)
2024-03-04T00:54:00.322244+00:00 Abbys1 kernel: [    0.348771] TCP: Hash tables configured (established 32768 bind 32768)
2024-03-04T00:54:00.322245+00:00 Abbys1 kernel: [    0.348949] MPTCP token hash table entries: 4096 (order: 4, 98304 bytes, linear)
2024-03-04T00:54:00.322245+00:00 Abbys1 kernel: [    0.349043] UDP hash table entries: 2048 (order: 4, 65536 bytes, linear)
2024-03-04T00:54:00.322245+00:00 Abbys1 kernel: [    0.349052] UDP-Lite hash table entries: 2048 (order: 4, 65536 bytes, linear)
2024-03-04T00:54:00.322247+00:00 Abbys1 kernel: [    0.349077] NET: Registered PF_UNIX/PF_LOCAL protocol family
2024-03-04T00:54:00.322247+00:00 Abbys1 kernel: [    0.349081] NET: Registered PF_XDP protocol family
2024-03-04T00:54:00.322247+00:00 Abbys1 kernel: [    0.349086] pci_bus 0000:00: resource 4 [io  0x0000-0x0cf7 window]
2024-03-04T00:54:00.322248+00:00 Abbys1 kernel: [    0.349088] pci_bus 0000:00: resource 5 [io  0x0d00-0xffff window]
2024-03-04T00:54:00.322248+00:00 Abbys1 kernel: [    0.349089] pci_bus 0000:00: resource 6 [mem 0x000a0000-0x000bffff window]
2024-03-04T00:54:00.322248+00:00 Abbys1 kernel: [    0.349090] pci_bus 0000:00: resource 7 [mem 0xe0000000-0xfdffffff window]
2024-03-04T00:54:00.322248+00:00 Abbys1 kernel: [    0.349119] pci 0000:00:00.0: Limiting direct PCI/PCI transfers
2024-03-04T00:54:00.322250+00:00 Abbys1 kernel: [    0.351218] PCI: CLS 0 bytes, default 64
2024-03-04T00:54:00.322251+00:00 Abbys1 kernel: [    0.351277] Trying to unpack rootfs image as initramfs...
2024-03-04T00:54:00.322251+00:00 Abbys1 kernel: [    0.359591] PCI-DMA: Using software bounce buffering for IO (SWIOTLB)
2024-03-04T00:54:00.322251+00:00 Abbys1 kernel: [    0.359593] software IO TLB: mapped [mem 0x00000000dbff0000-0x00000000dfff0000] (64MB)
2024-03-04T00:54:00.322251+00:00 Abbys1 kernel: [    0.359663] platform rtc_cmos: registered platform RTC device (no PNP device found)
2024-03-04T00:54:00.322251+00:00 Abbys1 kernel: [    0.360213] Initialise system trusted keyrings
2024-03-04T00:54:00.322253+00:00 Abbys1 kernel: [    0.360219] Key type blacklist registered
2024-03-04T00:54:00.322253+00:00 Abbys1 kernel: [    0.360241] workingset: timestamp_bits=36 max_order=20 bucket_order=0
2024-03-04T00:54:00.322254+00:00 Abbys1 kernel: [    0.360248] zbud: loaded
2024-03-04T00:54:00.322254+00:00 Abbys1 kernel: [    0.360609] squashfs: version 4.0 (2009/01/31) Phillip Lougher
2024-03-04T00:54:00.322254+00:00 Abbys1 kernel: [    0.360804] fuse: init (API version 7.38)
2024-03-04T00:54:00.322254+00:00 Abbys1 kernel: [    0.361473] integrity: Platform Keyring initialized
2024-03-04T00:54:00.322258+00:00 Abbys1 kernel: [    0.361474] integrity: Machine keyring initialized
2024-03-04T00:54:00.322258+00:00 Abbys1 kernel: [    0.364995] Key type asymmetric registered
2024-03-04T00:54:00.322258+00:00 Abbys1 kernel: [    0.364995] Asymmetric key parser 'x509' registered
2024-03-04T00:54:00.322258+00:00 Abbys1 kernel: [    0.364995] Block layer SCSI generic (bsg) driver version 0.4 loaded (major 243)
2024-03-04T00:54:00.322258+00:00 Abbys1 kernel: [    0.364995] io scheduler mq-deadline registered
2024-03-04T00:54:00.322258+00:00 Abbys1 kernel: [    0.366943] shpchp: Standard Hot Plug PCI Controller Driver version: 0.4
2024-03-04T00:54:00.322259+00:00 Abbys1 kernel: [    0.367039] ACPI: AC: AC Adapter [AC] (on-line)
2024-03-04T00:54:00.322261+00:00 Abbys1 kernel: [    0.367062] input: Power Button as /devices/LNXSYSTM:00/LNXPWRBN:00/input/input0
2024-03-04T00:54:00.322261+00:00 Abbys1 kernel: [    0.367079] ACPI: button: Power Button [PWRF]
2024-03-04T00:54:00.322261+00:00 Abbys1 kernel: [    0.367121] input: Sleep Button as /devices/LNXSYSTM:00/LNXSLPBN:00/input/input1
2024-03-04T00:54:00.322262+00:00 Abbys1 kernel: [    0.367128] ACPI: button: Sleep Button [SLPF]
2024-03-04T00:54:00.322262+00:00 Abbys1 kernel: [    0.367622] Serial: 8250/16550 driver, 32 ports, IRQ sharing enabled
2024-03-04T00:54:00.322262+00:00 Abbys1 kernel: [    0.373834] Linux agpgart interface v0.103
2024-03-04T00:54:00.322264+00:00 Abbys1 kernel: [    0.376272] loop: module loaded
2024-03-04T00:54:00.322264+00:00 Abbys1 kernel: [    0.376676] ata_piix 0000:00:01.1: version 2.13
2024-03-04T00:54:00.322264+00:00 Abbys1 kernel: [    0.377574] scsi host0: ata_piix
2024-03-04T00:54:00.322265+00:00 Abbys1 kernel: [    0.377950] scsi host1: ata_piix
2024-03-04T00:54:00.322265+00:00 Abbys1 kernel: [    0.377980] ata1: PATA max UDMA/33 cmd 0x1f0 ctl 0x3f6 bmdma 0xd000 irq 14
2024-03-04T00:54:00.322265+00:00 Abbys1 kernel: [    0.377981] ata2: PATA max UDMA/33 cmd 0x170 ctl 0x376 bmdma 0xd008 irq 15
2024-03-04T00:54:00.322265+00:00 Abbys1 kernel: [    0.378144] tun: Universal TUN/TAP device driver, 1.6
2024-03-04T00:54:00.322267+00:00 Abbys1 kernel: [    0.378667] PPP generic driver version 2.4.2
2024-03-04T00:54:00.322267+00:00 Abbys1 kernel: [    0.379366] ohci-pci 0000:00:06.0: OHCI PCI host controller
2024-03-04T00:54:00.322267+00:00 Abbys1 kernel: [    0.379370] ohci-pci 0000:00:06.0: new USB bus registered, assigned bus number 1
2024-03-04T00:54:00.322267+00:00 Abbys1 kernel: [    0.379570] ohci-pci 0000:00:06.0: irq 22, io mem 0xf0804000
2024-03-04T00:54:00.322268+00:00 Abbys1 kernel: [    0.460209] Freeing initrd memory: 66804K
2024-03-04T00:54:00.322268+00:00 Abbys1 kernel: [    0.570406] ata2.00: ATAPI: VBOX CD-ROM, 1.0, max UDMA/133
2024-03-04T00:54:00.322270+00:00 Abbys1 kernel: [    0.571105] usb usb1: New USB device found, idVendor=1d6b, idProduct=0001, bcdDevice= 6.02
2024-03-04T00:54:00.322270+00:00 Abbys1 kernel: [    0.571107] usb usb1: New USB device strings: Mfr=3, Product=2, SerialNumber=1
2024-03-04T00:54:00.322434+00:00 Abbys1 kernel: [    0.571108] usb usb1: Product: OHCI PCI host controller
2024-03-04T00:54:00.322435+00:00 Abbys1 kernel: [    0.571109] usb usb1: Manufacturer: Linux 6.2.0-39-generic ohci_hcd
2024-03-04T00:54:00.322435+00:00 Abbys1 kernel: [    0.571110] usb usb1: SerialNumber: 0000:00:06.0
2024-03-04T00:54:00.322435+00:00 Abbys1 kernel: [    0.571750] hub 1-0:1.0: USB hub found
2024-03-04T00:54:00.322439+00:00 Abbys1 kernel: [    0.571783] hub 1-0:1.0: 12 ports detected
2024-03-04T00:54:00.322439+00:00 Abbys1 kernel: [    0.572498] i8042: PNP: PS/2 Controller [PNP0303:PS2K,PNP0f03:PS2M] at 0x60,0x64 irq 1,12
2024-03-04T00:54:00.322439+00:00 Abbys1 kernel: [    0.572627] scsi 1:0:0:0: CD-ROM            VBOX     CD-ROM           1.0  PQ: 0 ANSI: 5
2024-03-04T00:54:00.322440+00:00 Abbys1 kernel: [    0.573154] ehci-pci 0000:00:0b.0: EHCI Host Controller
2024-03-04T00:54:00.322440+00:00 Abbys1 kernel: [    0.573159] ehci-pci 0000:00:0b.0: new USB bus registered, assigned bus number 2
2024-03-04T00:54:00.322440+00:00 Abbys1 kernel: [    0.573803] ehci-pci 0000:00:0b.0: irq 19, io mem 0xf0805000
2024-03-04T00:54:00.322440+00:00 Abbys1 kernel: [    0.574573] serio: i8042 KBD port at 0x60,0x64 irq 1
2024-03-04T00:54:00.322442+00:00 Abbys1 kernel: [    0.574576] serio: i8042 AUX port at 0x60,0x64 irq 12
2024-03-04T00:54:00.322443+00:00 Abbys1 kernel: [    0.575024] mousedev: PS/2 mouse device common for all mice
2024-03-04T00:54:00.322443+00:00 Abbys1 kernel: [    0.577340] input: AT Translated Set 2 keyboard as /devices/platform/i8042/serio0/input/input2
2024-03-04T00:54:00.322443+00:00 Abbys1 kernel: [    0.577588] rtc_cmos rtc_cmos: registered as rtc0
2024-03-04T00:54:00.322443+00:00 Abbys1 kernel: [    0.577915] rtc_cmos rtc_cmos: setting system clock to 2024-03-04T00:53:52 UTC (1709513632)
2024-03-04T00:54:00.322443+00:00 Abbys1 kernel: [    0.577985] rtc_cmos rtc_cmos: alarms up to one day, 114 bytes nvram
2024-03-04T00:54:00.322445+00:00 Abbys1 kernel: [    0.577989] i2c_dev: i2c /dev entries driver
2024-03-04T00:54:00.322446+00:00 Abbys1 kernel: [    0.578001] device-mapper: core: CONFIG_IMA_DISABLE_HTABLE is disabled. Duplicate IMA measurements will not be recorded in the IMA log.
2024-03-04T00:54:00.322446+00:00 Abbys1 kernel: [    0.578009] device-mapper: uevent: version 1.0.3
2024-03-04T00:54:00.322446+00:00 Abbys1 kernel: [    0.578244] device-mapper: ioctl: 4.47.0-ioctl (2022-07-28) initialised: dm-devel@redhat.com
2024-03-04T00:54:00.322446+00:00 Abbys1 kernel: [    0.578258] platform eisa.0: Probing EISA bus 0
2024-03-04T00:54:00.322447+00:00 Abbys1 kernel: [    0.578259] platform eisa.0: EISA: Cannot allocate resource for mainboard
2024-03-04T00:54:00.322448+00:00 Abbys1 kernel: [    0.578260] platform eisa.0: Cannot allocate resource for EISA slot 1
2024-03-04T00:54:00.322449+00:00 Abbys1 kernel: [    0.578261] platform eisa.0: Cannot allocate resource for EISA slot 2
2024-03-04T00:54:00.322449+00:00 Abbys1 kernel: [    0.578261] platform eisa.0: Cannot allocate resource for EISA slot 3
2024-03-04T00:54:00.322449+00:00 Abbys1 kernel: [    0.578262] platform eisa.0: Cannot allocate resource for EISA slot 4
2024-03-04T00:54:00.322449+00:00 Abbys1 kernel: [    0.578263] platform eisa.0: Cannot allocate resource for EISA slot 5
2024-03-04T00:54:00.322450+00:00 Abbys1 kernel: [    0.578263] platform eisa.0: Cannot allocate resource for EISA slot 6
2024-03-04T00:54:00.322450+00:00 Abbys1 kernel: [    0.578264] platform eisa.0: Cannot allocate resource for EISA slot 7
2024-03-04T00:54:00.322453+00:00 Abbys1 kernel: [    0.578265] platform eisa.0: Cannot allocate resource for EISA slot 8
2024-03-04T00:54:00.322453+00:00 Abbys1 kernel: [    0.578265] platform eisa.0: EISA: Detected 0 cards
2024-03-04T00:54:00.322453+00:00 Abbys1 kernel: [    0.578267] intel_pstate: CPU model not supported
2024-03-04T00:54:00.322453+00:00 Abbys1 kernel: [    0.578445] ledtrig-cpu: registered to indicate activity on CPUs
2024-03-04T00:54:00.322454+00:00 Abbys1 kernel: [    0.578491] drop_monitor: Initializing network drop monitor service
2024-03-04T00:54:00.322454+00:00 Abbys1 kernel: [    0.586309] NET: Registered PF_INET6 protocol family
2024-03-04T00:54:00.322456+00:00 Abbys1 kernel: [    0.587991] ehci-pci 0000:00:0b.0: USB 2.0 started, EHCI 1.00
2024-03-04T00:54:00.322456+00:00 Abbys1 kernel: [    0.588039] usb usb2: New USB device found, idVendor=1d6b, idProduct=0002, bcdDevice= 6.02
2024-03-04T00:54:00.322456+00:00 Abbys1 kernel: [    0.588041] usb usb2: New USB device strings: Mfr=3, Product=2, SerialNumber=1
2024-03-04T00:54:00.322456+00:00 Abbys1 kernel: [    0.588042] usb usb2: Product: EHCI Host Controller
2024-03-04T00:54:00.322456+00:00 Abbys1 kernel: [    0.588043] usb usb2: Manufacturer: Linux 6.2.0-39-generic ehci_hcd
2024-03-04T00:54:00.322457+00:00 Abbys1 kernel: [    0.588044] usb usb2: SerialNumber: 0000:00:0b.0
2024-03-04T00:54:00.322457+00:00 Abbys1 kernel: [    0.588253] hub 2-0:1.0: USB hub found
2024-03-04T00:54:00.322459+00:00 Abbys1 kernel: [    0.588256] hub 2-0:1.0: 12 ports detected
2024-03-04T00:54:00.322459+00:00 Abbys1 kernel: [    0.592428] sr 1:0:0:0: [sr0] scsi3-mmc drive: 32x/32x xa/form2 tray
2024-03-04T00:54:00.322459+00:00 Abbys1 kernel: [    0.592431] cdrom: Uniform CD-ROM driver Revision: 3.20
2024-03-04T00:54:00.322459+00:00 Abbys1 kernel: [    0.596041] Segment Routing with IPv6
2024-03-04T00:54:00.322459+00:00 Abbys1 kernel: [    0.596049] In-situ OAM (IOAM) with IPv6
2024-03-04T00:54:00.322460+00:00 Abbys1 kernel: [    0.596066] NET: Registered PF_PACKET protocol family
2024-03-04T00:54:00.322462+00:00 Abbys1 kernel: [    0.596263] Key type dns_resolver registered
2024-03-04T00:54:00.322462+00:00 Abbys1 kernel: [    0.596712] IPI shorthand broadcast: enabled
2024-03-04T00:54:00.322462+00:00 Abbys1 kernel: [    0.597394] sched_clock: Marking stable (569362148, 27310677)->(592132334, 4540491)
2024-03-04T00:54:00.322462+00:00 Abbys1 kernel: [    0.597861] registered taskstats version 1
2024-03-04T00:54:00.322462+00:00 Abbys1 kernel: [    0.598133] Loading compiled-in X.509 certificates
2024-03-04T00:54:00.322463+00:00 Abbys1 kernel: [    0.598630] Loaded X.509 cert 'Build time autogenerated kernel key: 6eddb12449a36413eb2a4fa19a0e4a40816a388f'
2024-03-04T00:54:00.322464+00:00 Abbys1 kernel: [    0.598861] Loaded X.509 cert 'Canonical Ltd. Live Patch Signing: 14df34d1a87cf37625abec039ef2bf521249b969'
2024-03-04T00:54:00.322465+00:00 Abbys1 kernel: [    0.599085] Loaded X.509 cert 'Canonical Ltd. Kernel Module Signing: 88f752e560a1e0737e31163a466ad7b70a850c19'
2024-03-04T00:54:00.322465+00:00 Abbys1 kernel: [    0.599086] blacklist: Loading compiled-in revocation X.509 certificates
2024-03-04T00:54:00.322465+00:00 Abbys1 kernel: [    0.599096] Loaded X.509 cert 'Canonical Ltd. Secure Boot Signing: 61482aa2830d0ab2ad5af10b7250da9033ddcef0'
2024-03-04T00:54:00.322465+00:00 Abbys1 kernel: [    0.599104] Loaded X.509 cert 'Canonical Ltd. Secure Boot Signing (2017): 242ade75ac4a15e50d50c84b0d45ff3eae707a03'
2024-03-04T00:54:00.322466+00:00 Abbys1 kernel: [    0.599110] Loaded X.509 cert 'Canonical Ltd. Secure Boot Signing (ESM 2018): 365188c1d374d6b07c3c8f240f8ef722433d6a8b'
2024-03-04T00:54:00.322467+00:00 Abbys1 kernel: [    0.599119] Loaded X.509 cert 'Canonical Ltd. Secure Boot Signing (2019): c0746fd6c5da3ae827864651ad66ae47fe24b3e8'
2024-03-04T00:54:00.322467+00:00 Abbys1 kernel: [    0.599125] Loaded X.509 cert 'Canonical Ltd. Secure Boot Signing (2021 v1): a8d54bbb3825cfb94fa13c9f8a594a195c107b8d'
2024-03-04T00:54:00.322468+00:00 Abbys1 kernel: [    0.599132] Loaded X.509 cert 'Canonical Ltd. Secure Boot Signing (2021 v2): 4cf046892d6fd3c9a5b03f98d845f90851dc6a8c'
2024-03-04T00:54:00.322468+00:00 Abbys1 kernel: [    0.599138] Loaded X.509 cert 'Canonical Ltd. Secure Boot Signing (2021 v3): 100437bb6de6e469b581e61cd66bce3ef4ed53af'
2024-03-04T00:54:00.322468+00:00 Abbys1 kernel: [    0.599146] Loaded X.509 cert 'Canonical Ltd. Secure Boot Signing (Ubuntu Core 2019): c1d57b8f6b743f23ee41f4f7ee292f06eecadfb9'
2024-03-04T00:54:00.322470+00:00 Abbys1 kernel: [    0.599194] zswap: loaded using pool lzo/zbud
2024-03-04T00:54:00.322470+00:00 Abbys1 kernel: [    0.600412] Key type .fscrypt registered
2024-03-04T00:54:00.322470+00:00 Abbys1 kernel: [    0.600414] Key type fscrypt-provisioning registered
2024-03-04T00:54:00.322470+00:00 Abbys1 kernel: [    0.604260] sr 1:0:0:0: Attached scsi CD-ROM sr0
2024-03-04T00:54:00.322471+00:00 Abbys1 kernel: [    0.604284] sr 1:0:0:0: Attached scsi generic sg0 type 5
2024-03-04T00:54:00.322545+00:00 Abbys1 kernel: [    0.605975] Key type encrypted registered
2024-03-04T00:54:00.322548+00:00 Abbys1 kernel: [    0.605977] AppArmor: AppArmor sha1 policy hashing enabled
2024-03-04T00:54:00.322549+00:00 Abbys1 kernel: [    0.605984] ima: No TPM chip found, activating TPM-bypass!
2024-03-04T00:54:00.322549+00:00 Abbys1 kernel: [    0.605985] Loading compiled-in module X.509 certificates
2024-03-04T00:54:00.322550+00:00 Abbys1 kernel: [    0.606222] Loaded X.509 cert 'Build time autogenerated kernel key: 6eddb12449a36413eb2a4fa19a0e4a40816a388f'
2024-03-04T00:54:00.322550+00:00 Abbys1 kernel: [    0.606223] ima: Allocated hash algorithm: sha1
2024-03-04T00:54:00.322550+00:00 Abbys1 kernel: [    0.606228] ima: No architecture policies found
2024-03-04T00:54:00.322552+00:00 Abbys1 kernel: [    0.606236] evm: Initialising EVM extended attributes:
2024-03-04T00:54:00.322553+00:00 Abbys1 kernel: [    0.606236] evm: security.selinux
2024-03-04T00:54:00.322553+00:00 Abbys1 kernel: [    0.606237] evm: security.SMACK64
2024-03-04T00:54:00.322553+00:00 Abbys1 kernel: [    0.606237] evm: security.SMACK64EXEC
2024-03-04T00:54:00.322553+00:00 Abbys1 kernel: [    0.606237] evm: security.SMACK64TRANSMUTE
2024-03-04T00:54:00.322554+00:00 Abbys1 kernel: [    0.606238] evm: security.SMACK64MMAP
2024-03-04T00:54:00.322554+00:00 Abbys1 kernel: [    0.606238] evm: security.apparmor
2024-03-04T00:54:00.322556+00:00 Abbys1 kernel: [    0.606239] evm: security.ima
2024-03-04T00:54:00.322556+00:00 Abbys1 kernel: [    0.606239] evm: security.capability
2024-03-04T00:54:00.322556+00:00 Abbys1 kernel: [    0.606239] evm: HMAC attrs: 0x1
2024-03-04T00:54:00.322556+00:00 Abbys1 kernel: [    0.606659] PM:   Magic number: 0:616:859
2024-03-04T00:54:00.322557+00:00 Abbys1 kernel: [    0.606942] RAS: Correctable Errors collector initialized.
2024-03-04T00:54:00.322557+00:00 Abbys1 kernel: [    0.608193] Freeing unused decrypted memory: 2036K
2024-03-04T00:54:00.322559+00:00 Abbys1 kernel: [    0.608740] Freeing unused kernel image (initmem) memory: 4764K
2024-03-04T00:54:00.322559+00:00 Abbys1 kernel: [    0.628049] Write protecting the kernel read-only data: 34816k
2024-03-04T00:54:00.322559+00:00 Abbys1 kernel: [    0.628421] Freeing unused kernel image (rodata/data gap) memory: 1324K
2024-03-04T00:54:00.322560+00:00 Abbys1 kernel: [    0.634303] x86/mm: Checked W+X mappings: passed, no W+X pages found.
2024-03-04T00:54:00.322560+00:00 Abbys1 kernel: [    0.634307] Run /init as init process
2024-03-04T00:54:00.322560+00:00 Abbys1 kernel: [    0.634308]   with arguments:
2024-03-04T00:54:00.322560+00:00 Abbys1 kernel: [    0.634309]     /init
2024-03-04T00:54:00.322562+00:00 Abbys1 kernel: [    0.634310]     splash
2024-03-04T00:54:00.322562+00:00 Abbys1 kernel: [    0.634310]   with environment:
2024-03-04T00:54:00.322563+00:00 Abbys1 kernel: [    0.634310]     HOME=/
2024-03-04T00:54:00.322563+00:00 Abbys1 kernel: [    0.634311]     TERM=linux
2024-03-04T00:54:00.322563+00:00 Abbys1 kernel: [    0.634311]     BOOT_IMAGE=/boot/vmlinuz-6.2.0-39-generic
2024-03-04T00:54:00.322563+00:00 Abbys1 kernel: [    0.694019] piix4_smbus 0000:00:07.0: SMBus Host Controller at 0x4100, revision 0
2024-03-04T00:54:00.322565+00:00 Abbys1 kernel: [    0.704860] ACPI: video: Video Device [GFX0] (multi-head: yes  rom: no  post: no)
2024-03-04T00:54:00.322566+00:00 Abbys1 kernel: [    0.704924] input: Video Bus as /devices/LNXSYSTM:00/LNXSYBUS:00/PNP0A03:00/LNXVIDEO:00/input/input4
2024-03-04T00:54:00.322566+00:00 Abbys1 kernel: [    0.711324] ahci 0000:00:0d.0: version 3.0
2024-03-04T00:54:00.322566+00:00 Abbys1 kernel: [    0.713731] ahci 0000:00:0d.0: SSS flag set, parallel bus scan disabled
2024-03-04T00:54:00.322566+00:00 Abbys1 kernel: [    0.714426] ahci 0000:00:0d.0: AHCI 0001.0100 32 slots 1 ports 3 Gbps 0x1 impl SATA mode
2024-03-04T00:54:00.322566+00:00 Abbys1 kernel: [    0.714428] ahci 0000:00:0d.0: flags: 64bit ncq stag only ccc 
2024-03-04T00:54:00.322568+00:00 Abbys1 kernel: [    0.719708] scsi host2: ahci
